<?xml version="1.0"?>
<link_info>
   <banner>TI ARM Linker PC v15.12.0.LTS</banner>
   <copyright>Copyright (c) 1996-2015 Texas Instruments Incorporated</copyright>
   <link_time>0x5701a0e4</link_time>
   <link_errors>0x0</link_errors>
   <output_file>Project 2.out</output_file>
   <entry_point>
      <name>_c_int00</name>
      <address>0x40e5</address>
   </entry_point>
   <input_file_list>
      <input_file id="fl-2">
         <path>.\</path>
         <kind>object</kind>
         <file>main_Client.obj</file>
         <name>main_Client.obj</name>
      </input_file>
      <input_file id="fl-3">
         <path>.\</path>
         <kind>object</kind>
         <file>msp432_startup_ccs.obj</file>
         <name>msp432_startup_ccs.obj</name>
      </input_file>
      <input_file id="fl-4">
         <path>.\</path>
         <kind>object</kind>
         <file>support.obj</file>
         <name>support.obj</name>
      </input_file>
      <input_file id="fl-a">
         <path>..\</path>
         <kind>archive</kind>
         <file>msp432p4xx_driverlib.lib</file>
         <name>cs.o</name>
      </input_file>
      <input_file id="fl-b">
         <path>..\</path>
         <kind>archive</kind>
         <file>msp432p4xx_driverlib.lib</file>
         <name>gpio.o</name>
      </input_file>
      <input_file id="fl-c">
         <path>..\</path>
         <kind>archive</kind>
         <file>msp432p4xx_driverlib.lib</file>
         <name>interrupt.o</name>
      </input_file>
      <input_file id="fl-d">
         <path>..\</path>
         <kind>archive</kind>
         <file>msp432p4xx_driverlib.lib</file>
         <name>sysctl.o</name>
      </input_file>
      <input_file id="fl-e">
         <path>..\</path>
         <kind>archive</kind>
         <file>msp432p4xx_driverlib.lib</file>
         <name>timer_a.o</name>
      </input_file>
      <input_file id="fl-f">
         <path>..\</path>
         <kind>archive</kind>
         <file>msp432p4xx_driverlib.lib</file>
         <name>uart.o</name>
      </input_file>
      <input_file id="fl-10">
         <path>..\</path>
         <kind>archive</kind>
         <file>msp432p4xx_driverlib.lib</file>
         <name>cpu.o</name>
      </input_file>
      <input_file id="fl-c6">
         <path>C:\ti\ccsv6\tools\compiler\ti-cgt-arm_15.12.0.LTS\lib\</path>
         <kind>archive</kind>
         <file>rtsv7M4_T_le_v4SPD16_eabi.lib</file>
         <name>boot.obj</name>
      </input_file>
      <input_file id="fl-c7">
         <path>C:\ti\ccsv6\tools\compiler\ti-cgt-arm_15.12.0.LTS\lib\</path>
         <kind>archive</kind>
         <file>rtsv7M4_T_le_v4SPD16_eabi.lib</file>
         <name>copy_decompress_none.obj</name>
      </input_file>
      <input_file id="fl-c8">
         <path>C:\ti\ccsv6\tools\compiler\ti-cgt-arm_15.12.0.LTS\lib\</path>
         <kind>archive</kind>
         <file>rtsv7M4_T_le_v4SPD16_eabi.lib</file>
         <name>copy_decompress_rle.obj</name>
      </input_file>
      <input_file id="fl-c9">
         <path>C:\ti\ccsv6\tools\compiler\ti-cgt-arm_15.12.0.LTS\lib\</path>
         <kind>archive</kind>
         <file>rtsv7M4_T_le_v4SPD16_eabi.lib</file>
         <name>copy_zero_init.obj</name>
      </input_file>
      <input_file id="fl-ca">
         <path>C:\ti\ccsv6\tools\compiler\ti-cgt-arm_15.12.0.LTS\lib\</path>
         <kind>archive</kind>
         <file>rtsv7M4_T_le_v4SPD16_eabi.lib</file>
         <name>exit.obj</name>
      </input_file>
      <input_file id="fl-cb">
         <path>C:\ti\ccsv6\tools\compiler\ti-cgt-arm_15.12.0.LTS\lib\</path>
         <kind>archive</kind>
         <file>rtsv7M4_T_le_v4SPD16_eabi.lib</file>
         <name>memcpy_t2.obj</name>
      </input_file>
      <input_file id="fl-cc">
         <path>C:\ti\ccsv6\tools\compiler\ti-cgt-arm_15.12.0.LTS\lib\</path>
         <kind>archive</kind>
         <file>rtsv7M4_T_le_v4SPD16_eabi.lib</file>
         <name>memset_t2.obj</name>
      </input_file>
      <input_file id="fl-cd">
         <path>C:\ti\ccsv6\tools\compiler\ti-cgt-arm_15.12.0.LTS\lib\</path>
         <kind>archive</kind>
         <file>rtsv7M4_T_le_v4SPD16_eabi.lib</file>
         <name>mpu_init.obj</name>
      </input_file>
      <input_file id="fl-ce">
         <path>C:\ti\ccsv6\tools\compiler\ti-cgt-arm_15.12.0.LTS\lib\</path>
         <kind>archive</kind>
         <file>rtsv7M4_T_le_v4SPD16_eabi.lib</file>
         <name>pre_init.obj</name>
      </input_file>
      <input_file id="fl-cf">
         <path>C:\ti\ccsv6\tools\compiler\ti-cgt-arm_15.12.0.LTS\lib\</path>
         <kind>archive</kind>
         <file>rtsv7M4_T_le_v4SPD16_eabi.lib</file>
         <name>sprintf.obj</name>
      </input_file>
      <input_file id="fl-d0">
         <path>C:\ti\ccsv6\tools\compiler\ti-cgt-arm_15.12.0.LTS\lib\</path>
         <kind>archive</kind>
         <file>rtsv7M4_T_le_v4SPD16_eabi.lib</file>
         <name>sscanf.obj</name>
      </input_file>
      <input_file id="fl-d1">
         <path>C:\ti\ccsv6\tools\compiler\ti-cgt-arm_15.12.0.LTS\lib\</path>
         <kind>archive</kind>
         <file>rtsv7M4_T_le_v4SPD16_eabi.lib</file>
         <name>stkdepth_vars.obj</name>
      </input_file>
      <input_file id="fl-d2">
         <path>C:\ti\ccsv6\tools\compiler\ti-cgt-arm_15.12.0.LTS\lib\</path>
         <kind>archive</kind>
         <file>rtsv7M4_T_le_v4SPD16_eabi.lib</file>
         <name>strcpy.obj</name>
      </input_file>
      <input_file id="fl-d3">
         <path>C:\ti\ccsv6\tools\compiler\ti-cgt-arm_15.12.0.LTS\lib\</path>
         <kind>archive</kind>
         <file>rtsv7M4_T_le_v4SPD16_eabi.lib</file>
         <name>strlen.obj</name>
      </input_file>
      <input_file id="fl-d4">
         <path>C:\ti\ccsv6\tools\compiler\ti-cgt-arm_15.12.0.LTS\lib\</path>
         <kind>archive</kind>
         <file>rtsv7M4_T_le_v4SPD16_eabi.lib</file>
         <name>strstr.obj</name>
      </input_file>
      <input_file id="fl-d5">
         <path>C:\ti\ccsv6\tools\compiler\ti-cgt-arm_15.12.0.LTS\lib\</path>
         <kind>archive</kind>
         <file>rtsv7M4_T_le_v4SPD16_eabi.lib</file>
         <name>_lock.obj</name>
      </input_file>
      <input_file id="fl-d6">
         <path>C:\ti\ccsv6\tools\compiler\ti-cgt-arm_15.12.0.LTS\lib\</path>
         <kind>archive</kind>
         <file>rtsv7M4_T_le_v4SPD16_eabi.lib</file>
         <name>_printfi.obj</name>
      </input_file>
      <input_file id="fl-d7">
         <path>C:\ti\ccsv6\tools\compiler\ti-cgt-arm_15.12.0.LTS\lib\</path>
         <kind>archive</kind>
         <file>rtsv7M4_T_le_v4SPD16_eabi.lib</file>
         <name>_scanfi.obj</name>
      </input_file>
      <input_file id="fl-d8">
         <path>C:\ti\ccsv6\tools\compiler\ti-cgt-arm_15.12.0.LTS\lib\</path>
         <kind>archive</kind>
         <file>rtsv7M4_T_le_v4SPD16_eabi.lib</file>
         <name>args_main.obj</name>
      </input_file>
      <input_file id="fl-d9">
         <path>C:\ti\ccsv6\tools\compiler\ti-cgt-arm_15.12.0.LTS\lib\</path>
         <kind>archive</kind>
         <file>rtsv7M4_T_le_v4SPD16_eabi.lib</file>
         <name>atoi.obj</name>
      </input_file>
      <input_file id="fl-da">
         <path>C:\ti\ccsv6\tools\compiler\ti-cgt-arm_15.12.0.LTS\lib\</path>
         <kind>archive</kind>
         <file>rtsv7M4_T_le_v4SPD16_eabi.lib</file>
         <name>autoinit.obj</name>
      </input_file>
      <input_file id="fl-db">
         <path>C:\ti\ccsv6\tools\compiler\ti-cgt-arm_15.12.0.LTS\lib\</path>
         <kind>archive</kind>
         <file>rtsv7M4_T_le_v4SPD16_eabi.lib</file>
         <name>cpy_tbl.obj</name>
      </input_file>
      <input_file id="fl-dc">
         <path>C:\ti\ccsv6\tools\compiler\ti-cgt-arm_15.12.0.LTS\lib\</path>
         <kind>archive</kind>
         <file>rtsv7M4_T_le_v4SPD16_eabi.lib</file>
         <name>ctype.obj</name>
      </input_file>
      <input_file id="fl-dd">
         <path>C:\ti\ccsv6\tools\compiler\ti-cgt-arm_15.12.0.LTS\lib\</path>
         <kind>archive</kind>
         <file>rtsv7M4_T_le_v4SPD16_eabi.lib</file>
         <name>fd_add_t2.obj</name>
      </input_file>
      <input_file id="fl-de">
         <path>C:\ti\ccsv6\tools\compiler\ti-cgt-arm_15.12.0.LTS\lib\</path>
         <kind>archive</kind>
         <file>rtsv7M4_T_le_v4SPD16_eabi.lib</file>
         <name>fd_cmp_t2.obj</name>
      </input_file>
      <input_file id="fl-df">
         <path>C:\ti\ccsv6\tools\compiler\ti-cgt-arm_15.12.0.LTS\lib\</path>
         <kind>archive</kind>
         <file>rtsv7M4_T_le_v4SPD16_eabi.lib</file>
         <name>fd_div_t2.obj</name>
      </input_file>
      <input_file id="fl-e0">
         <path>C:\ti\ccsv6\tools\compiler\ti-cgt-arm_15.12.0.LTS\lib\</path>
         <kind>archive</kind>
         <file>rtsv7M4_T_le_v4SPD16_eabi.lib</file>
         <name>fd_mul_t2.obj</name>
      </input_file>
      <input_file id="fl-e1">
         <path>C:\ti\ccsv6\tools\compiler\ti-cgt-arm_15.12.0.LTS\lib\</path>
         <kind>archive</kind>
         <file>rtsv7M4_T_le_v4SPD16_eabi.lib</file>
         <name>fd_toi_t2.obj</name>
      </input_file>
      <input_file id="fl-e2">
         <path>C:\ti\ccsv6\tools\compiler\ti-cgt-arm_15.12.0.LTS\lib\</path>
         <kind>archive</kind>
         <file>rtsv7M4_T_le_v4SPD16_eabi.lib</file>
         <name>fd_tos_t2.obj</name>
      </input_file>
      <input_file id="fl-e3">
         <path>C:\ti\ccsv6\tools\compiler\ti-cgt-arm_15.12.0.LTS\lib\</path>
         <kind>archive</kind>
         <file>rtsv7M4_T_le_v4SPD16_eabi.lib</file>
         <name>i_tofd_t2.obj</name>
      </input_file>
      <input_file id="fl-e4">
         <path>C:\ti\ccsv6\tools\compiler\ti-cgt-arm_15.12.0.LTS\lib\</path>
         <kind>archive</kind>
         <file>rtsv7M4_T_le_v4SPD16_eabi.lib</file>
         <name>ltoa.obj</name>
      </input_file>
      <input_file id="fl-e5">
         <path>C:\ti\ccsv6\tools\compiler\ti-cgt-arm_15.12.0.LTS\lib\</path>
         <kind>archive</kind>
         <file>rtsv7M4_T_le_v4SPD16_eabi.lib</file>
         <name>memccpy.obj</name>
      </input_file>
      <input_file id="fl-e6">
         <path>C:\ti\ccsv6\tools\compiler\ti-cgt-arm_15.12.0.LTS\lib\</path>
         <kind>archive</kind>
         <file>rtsv7M4_T_le_v4SPD16_eabi.lib</file>
         <name>s_frexp.obj</name>
      </input_file>
      <input_file id="fl-e7">
         <path>C:\ti\ccsv6\tools\compiler\ti-cgt-arm_15.12.0.LTS\lib\</path>
         <kind>archive</kind>
         <file>rtsv7M4_T_le_v4SPD16_eabi.lib</file>
         <name>s_scalbn.obj</name>
      </input_file>
      <input_file id="fl-e8">
         <path>C:\ti\ccsv6\tools\compiler\ti-cgt-arm_15.12.0.LTS\lib\</path>
         <kind>archive</kind>
         <file>rtsv7M4_T_le_v4SPD16_eabi.lib</file>
         <name>startup.obj</name>
      </input_file>
      <input_file id="fl-e9">
         <path>C:\ti\ccsv6\tools\compiler\ti-cgt-arm_15.12.0.LTS\lib\</path>
         <kind>archive</kind>
         <file>rtsv7M4_T_le_v4SPD16_eabi.lib</file>
         <name>strchr.obj</name>
      </input_file>
      <input_file id="fl-ea">
         <path>C:\ti\ccsv6\tools\compiler\ti-cgt-arm_15.12.0.LTS\lib\</path>
         <kind>archive</kind>
         <file>rtsv7M4_T_le_v4SPD16_eabi.lib</file>
         <name>strrchr.obj</name>
      </input_file>
      <input_file id="fl-eb">
         <path>C:\ti\ccsv6\tools\compiler\ti-cgt-arm_15.12.0.LTS\lib\</path>
         <kind>archive</kind>
         <file>rtsv7M4_T_le_v4SPD16_eabi.lib</file>
         <name>strtod.obj</name>
      </input_file>
      <input_file id="fl-ec">
         <path>C:\ti\ccsv6\tools\compiler\ti-cgt-arm_15.12.0.LTS\lib\</path>
         <kind>archive</kind>
         <file>rtsv7M4_T_le_v4SPD16_eabi.lib</file>
         <name>strtol.obj</name>
      </input_file>
      <input_file id="fl-ed">
         <path>C:\ti\ccsv6\tools\compiler\ti-cgt-arm_15.12.0.LTS\lib\</path>
         <kind>archive</kind>
         <file>rtsv7M4_T_le_v4SPD16_eabi.lib</file>
         <name>strtoll.obj</name>
      </input_file>
      <input_file id="fl-ee">
         <path>C:\ti\ccsv6\tools\compiler\ti-cgt-arm_15.12.0.LTS\lib\</path>
         <kind>archive</kind>
         <file>rtsv7M4_T_le_v4SPD16_eabi.lib</file>
         <name>strtoul.obj</name>
      </input_file>
      <input_file id="fl-ef">
         <path>C:\ti\ccsv6\tools\compiler\ti-cgt-arm_15.12.0.LTS\lib\</path>
         <kind>archive</kind>
         <file>rtsv7M4_T_le_v4SPD16_eabi.lib</file>
         <name>strtoull.obj</name>
      </input_file>
      <input_file id="fl-f0">
         <path>C:\ti\ccsv6\tools\compiler\ti-cgt-arm_15.12.0.LTS\lib\</path>
         <kind>archive</kind>
         <file>rtsv7M4_T_le_v4SPD16_eabi.lib</file>
         <name>ull_div_t2.obj</name>
      </input_file>
      <input_file id="fl-f1">
         <path>C:\ti\ccsv6\tools\compiler\ti-cgt-arm_15.12.0.LTS\lib\</path>
         <kind>archive</kind>
         <file>rtsv7M4_T_le_v4SPD16_eabi.lib</file>
         <name>errno.obj</name>
      </input_file>
      <input_file id="fl-f2">
         <path>C:\ti\ccsv6\tools\compiler\ti-cgt-arm_15.12.0.LTS\lib\</path>
         <kind>archive</kind>
         <file>rtsv7M4_T_le_v4SPD16_eabi.lib</file>
         <name>ll_mul_t2.obj</name>
      </input_file>
      <input_file id="fl-f3">
         <path>C:\ti\ccsv6\tools\compiler\ti-cgt-arm_15.12.0.LTS\lib\</path>
         <kind>archive</kind>
         <file>rtsv7M4_T_le_v4SPD16_eabi.lib</file>
         <name>s_copysign.obj</name>
      </input_file>
   </input_file_list>
   <object_component_list>
      <object_component id="oc-28">
         <name>.intvecs:retain</name>
         <load_address>0x0</load_address>
         <run_address>0x0</run_address>
         <size>0x140</size>
         <input_file_ref idref="fl-3"/>
      </object_component>
      <object_component id="oc-1ab">
         <name>.text</name>
         <load_address>0x140</load_address>
         <run_address>0x140</run_address>
         <size>0x1110</size>
         <input_file_ref idref="fl-d6"/>
      </object_component>
      <object_component id="oc-b8">
         <name>.text</name>
         <load_address>0x1250</load_address>
         <run_address>0x1250</run_address>
         <size>0xa6c</size>
         <input_file_ref idref="fl-4"/>
      </object_component>
      <object_component id="oc-1f8">
         <name>.text</name>
         <load_address>0x1cbc</load_address>
         <run_address>0x1cbc</run_address>
         <size>0x92a</size>
         <input_file_ref idref="fl-d7"/>
      </object_component>
      <object_component id="oc-51">
         <name>.text</name>
         <load_address>0x25e6</load_address>
         <run_address>0x25e6</run_address>
         <size>0x2</size>
         <input_file_ref idref="fl-cd"/>
      </object_component>
      <object_component id="oc-79">
         <name>.text</name>
         <load_address>0x25e8</load_address>
         <run_address>0x25e8</run_address>
         <size>0x35c</size>
         <input_file_ref idref="fl-2"/>
      </object_component>
      <object_component id="oc-2bb">
         <name>.text</name>
         <load_address>0x2944</load_address>
         <run_address>0x2944</run_address>
         <size>0x23c</size>
         <input_file_ref idref="fl-eb"/>
      </object_component>
      <object_component id="oc-229">
         <name>.text</name>
         <load_address>0x2b80</load_address>
         <run_address>0x2b80</run_address>
         <size>0x1f4</size>
         <input_file_ref idref="fl-f0"/>
      </object_component>
      <object_component id="oc-2cc">
         <name>.text</name>
         <load_address>0x2d74</load_address>
         <run_address>0x2d74</run_address>
         <size>0x1e4</size>
         <input_file_ref idref="fl-ed"/>
      </object_component>
      <object_component id="oc-252">
         <name>.text</name>
         <load_address>0x2f58</load_address>
         <run_address>0x2f58</run_address>
         <size>0x1b6</size>
         <input_file_ref idref="fl-dd"/>
      </object_component>
      <object_component id="oc-a2">
         <name>.text</name>
         <load_address>0x310e</load_address>
         <run_address>0x310e</run_address>
         <size>0x2</size>
         <input_file_ref idref="fl-e8"/>
      </object_component>
      <object_component id="oc-2b5">
         <name>.text</name>
         <load_address>0x3110</load_address>
         <run_address>0x3110</run_address>
         <size>0x16c</size>
         <input_file_ref idref="fl-ef"/>
      </object_component>
      <object_component id="oc-238">
         <name>.text</name>
         <load_address>0x327c</load_address>
         <run_address>0x327c</run_address>
         <size>0x136</size>
         <input_file_ref idref="fl-df"/>
      </object_component>
      <object_component id="oc-2c6">
         <name>.text</name>
         <load_address>0x33b4</load_address>
         <run_address>0x33b4</run_address>
         <size>0x134</size>
         <input_file_ref idref="fl-ec"/>
      </object_component>
      <object_component id="oc-2af">
         <name>.text</name>
         <load_address>0x34e8</load_address>
         <run_address>0x34e8</run_address>
         <size>0x114</size>
         <input_file_ref idref="fl-ee"/>
      </object_component>
      <object_component id="oc-233">
         <name>.text</name>
         <load_address>0x35fc</load_address>
         <run_address>0x35fc</run_address>
         <size>0xfc</size>
         <input_file_ref idref="fl-e0"/>
      </object_component>
      <object_component id="oc-25d">
         <name>.text</name>
         <load_address>0x36f8</load_address>
         <run_address>0x36f8</run_address>
         <size>0xfc</size>
         <input_file_ref idref="fl-e7"/>
      </object_component>
      <object_component id="oc-144">
         <name>.text:CS_initClockSignal</name>
         <load_address>0x37f4</load_address>
         <run_address>0x37f4</run_address>
         <size>0xe0</size>
         <input_file_ref idref="fl-a"/>
      </object_component>
      <object_component id="oc-190">
         <name>.text</name>
         <load_address>0x38d4</load_address>
         <run_address>0x38d4</run_address>
         <size>0xcc</size>
         <input_file_ref idref="fl-d0"/>
      </object_component>
      <object_component id="oc-1a1">
         <name>.text:_CSComputeCLKFrequency</name>
         <load_address>0x39a0</load_address>
         <run_address>0x39a0</run_address>
         <size>0x9c</size>
         <input_file_ref idref="fl-a"/>
      </object_component>
      <object_component id="oc-2c">
         <name>.text</name>
         <load_address>0x3a3c</load_address>
         <run_address>0x3a3c</run_address>
         <size>0x9c</size>
         <input_file_ref idref="fl-cb"/>
      </object_component>
      <object_component id="oc-156">
         <name>.text:UART_initModule</name>
         <load_address>0x3ad8</load_address>
         <run_address>0x3ad8</run_address>
         <size>0x94</size>
         <input_file_ref idref="fl-f"/>
      </object_component>
      <object_component id="oc-1dc">
         <name>.text:CS_startHFXTWithTimeout</name>
         <load_address>0x3b6c</load_address>
         <run_address>0x3b6c</run_address>
         <size>0x90</size>
         <input_file_ref idref="fl-a"/>
      </object_component>
      <object_component id="oc-21c">
         <name>.text:CS_getDCOFrequency</name>
         <load_address>0x3bfc</load_address>
         <run_address>0x3bfc</run_address>
         <size>0x8c</size>
         <input_file_ref idref="fl-a"/>
      </object_component>
      <object_component id="oc-22e">
         <name>.text:__aeabi_cdcmple</name>
         <load_address>0x3c88</load_address>
         <run_address>0x3c88</run_address>
         <size>0x86</size>
         <input_file_ref idref="fl-de"/>
      </object_component>
      <object_component id="oc-23d">
         <name>.text:__aeabi_cdrcmple</name>
         <load_address>0x3d0e</load_address>
         <run_address>0x3d0e</run_address>
         <size>0x86</size>
         <input_file_ref idref="fl-de"/>
      </object_component>
      <object_component id="oc-45">
         <name>.text</name>
         <load_address>0x3d94</load_address>
         <run_address>0x3d94</run_address>
         <size>0x7a</size>
         <input_file_ref idref="fl-cc"/>
      </object_component>
      <object_component id="oc-29a">
         <name>.text:_CSGetHFXTFrequency</name>
         <load_address>0x3e10</load_address>
         <run_address>0x3e10</run_address>
         <size>0x70</size>
         <input_file_ref idref="fl-a"/>
      </object_component>
      <object_component id="oc-5d">
         <name>.text</name>
         <load_address>0x3e80</load_address>
         <run_address>0x3e80</run_address>
         <size>0x70</size>
         <input_file_ref idref="fl-da"/>
      </object_component>
      <object_component id="oc-2c1">
         <name>.text</name>
         <load_address>0x3ef0</load_address>
         <run_address>0x3ef0</run_address>
         <size>0x6e</size>
         <input_file_ref idref="fl-e2"/>
      </object_component>
      <object_component id="oc-38">
         <name>.text</name>
         <load_address>0x3f5e</load_address>
         <run_address>0x3f5e</run_address>
         <size>0x6a</size>
         <input_file_ref idref="fl-c8"/>
      </object_component>
      <object_component id="oc-257">
         <name>.text</name>
         <load_address>0x3fc8</load_address>
         <run_address>0x3fc8</run_address>
         <size>0x64</size>
         <input_file_ref idref="fl-e6"/>
      </object_component>
      <object_component id="oc-dc">
         <name>.text</name>
         <load_address>0x402c</load_address>
         <run_address>0x402c</run_address>
         <size>0x60</size>
         <input_file_ref idref="fl-cf"/>
      </object_component>
      <object_component id="oc-247">
         <name>.text</name>
         <load_address>0x408c</load_address>
         <run_address>0x408c</run_address>
         <size>0x56</size>
         <input_file_ref idref="fl-e4"/>
      </object_component>
      <object_component id="oc-22">
         <name>.text</name>
         <load_address>0x40e4</load_address>
         <run_address>0x40e4</run_address>
         <size>0x54</size>
         <input_file_ref idref="fl-c6"/>
      </object_component>
      <object_component id="oc-69">
         <name>.text</name>
         <load_address>0x4138</load_address>
         <run_address>0x4138</run_address>
         <size>0x54</size>
         <input_file_ref idref="fl-ca"/>
      </object_component>
      <object_component id="oc-150">
         <name>.text:GPIO_setAsPeripheralModuleFunctionInputPin</name>
         <load_address>0x418c</load_address>
         <run_address>0x418c</run_address>
         <size>0x4c</size>
         <input_file_ref idref="fl-b"/>
      </object_component>
      <object_component id="oc-14a">
         <name>.text:GPIO_setAsPeripheralModuleFunctionOutputPin</name>
         <load_address>0x41d8</load_address>
         <run_address>0x41d8</run_address>
         <size>0x4c</size>
         <input_file_ref idref="fl-b"/>
      </object_component>
      <object_component id="oc-2e7">
         <name>.text:_CSGetDOCFrequency</name>
         <load_address>0x4224</load_address>
         <run_address>0x4224</run_address>
         <size>0x4c</size>
         <input_file_ref idref="fl-a"/>
      </object_component>
      <object_component id="oc-26f">
         <name>.text</name>
         <load_address>0x4270</load_address>
         <run_address>0x4270</run_address>
         <size>0x4c</size>
         <input_file_ref idref="fl-d9"/>
      </object_component>
      <object_component id="oc-9c">
         <name>.text</name>
         <load_address>0x42bc</load_address>
         <run_address>0x42bc</run_address>
         <size>0x4c</size>
         <input_file_ref idref="fl-db"/>
      </object_component>
      <object_component id="oc-216">
         <name>.text:_CSGetDividerValue</name>
         <load_address>0x4308</load_address>
         <run_address>0x4308</run_address>
         <size>0x48</size>
         <input_file_ref idref="fl-a"/>
      </object_component>
      <object_component id="oc-242">
         <name>.text</name>
         <load_address>0x4350</load_address>
         <run_address>0x4350</run_address>
         <size>0x48</size>
         <input_file_ref idref="fl-e1"/>
      </object_component>
      <object_component id="oc-18a">
         <name>.text</name>
         <load_address>0x4398</load_address>
         <run_address>0x4398</run_address>
         <size>0x34</size>
         <input_file_ref idref="fl-d4"/>
      </object_component>
      <object_component id="oc-24d">
         <name>.text</name>
         <load_address>0x43cc</load_address>
         <run_address>0x43cc</run_address>
         <size>0x2e</size>
         <input_file_ref idref="fl-e3"/>
      </object_component>
      <object_component id="oc-222">
         <name>.text:CS_clearInterruptFlag</name>
         <load_address>0x43fc</load_address>
         <run_address>0x43fc</run_address>
         <size>0x24</size>
         <input_file_ref idref="fl-a"/>
      </object_component>
      <object_component id="oc-162">
         <name>.text:GPIO_setAsOutputPin</name>
         <load_address>0x4420</load_address>
         <run_address>0x4420</run_address>
         <size>0x24</size>
         <input_file_ref idref="fl-b"/>
      </object_component>
      <object_component id="oc-168">
         <name>.text:CS_setReferenceOscillatorFrequency</name>
         <load_address>0x4444</load_address>
         <run_address>0x4444</run_address>
         <size>0x1c</size>
         <input_file_ref idref="fl-a"/>
      </object_component>
      <object_component id="oc-269">
         <name>.text</name>
         <load_address>0x4460</load_address>
         <run_address>0x4460</run_address>
         <size>0x1c</size>
         <input_file_ref idref="fl-e5"/>
      </object_component>
      <object_component id="oc-d0">
         <name>.text:CS_getACLK</name>
         <load_address>0x447c</load_address>
         <run_address>0x447c</run_address>
         <size>0x18</size>
         <input_file_ref idref="fl-a"/>
      </object_component>
      <object_component id="oc-ca">
         <name>.text:CS_getMCLK</name>
         <load_address>0x4494</load_address>
         <run_address>0x4494</run_address>
         <size>0x18</size>
         <input_file_ref idref="fl-a"/>
      </object_component>
      <object_component id="oc-c4">
         <name>.text:CS_getSMCLK</name>
         <load_address>0x44ac</load_address>
         <run_address>0x44ac</run_address>
         <size>0x18</size>
         <input_file_ref idref="fl-a"/>
      </object_component>
      <object_component id="oc-e2">
         <name>.text:GPIO_setOutputLowOnPin</name>
         <load_address>0x44c4</load_address>
         <run_address>0x44c4</run_address>
         <size>0x18</size>
         <input_file_ref idref="fl-b"/>
      </object_component>
      <object_component id="oc-63">
         <name>.text</name>
         <load_address>0x44dc</load_address>
         <run_address>0x44dc</run_address>
         <size>0x18</size>
         <input_file_ref idref="fl-d8"/>
      </object_component>
      <object_component id="oc-31f">
         <name>.text</name>
         <load_address>0x44f4</load_address>
         <run_address>0x44f4</run_address>
         <size>0x18</size>
         <input_file_ref idref="fl-f2"/>
      </object_component>
      <object_component id="oc-2d3">
         <name>.text</name>
         <load_address>0x450c</load_address>
         <run_address>0x450c</run_address>
         <size>0x18</size>
         <input_file_ref idref="fl-ea"/>
      </object_component>
      <object_component id="oc-263">
         <name>.text</name>
         <load_address>0x4524</load_address>
         <run_address>0x4524</run_address>
         <size>0x16</size>
         <input_file_ref idref="fl-e9"/>
      </object_component>
      <object_component id="oc-138">
         <name>.text:CS_setExternalClockSourceFrequency</name>
         <load_address>0x453c</load_address>
         <run_address>0x453c</run_address>
         <size>0x14</size>
         <input_file_ref idref="fl-a"/>
      </object_component>
      <object_component id="oc-e8">
         <name>.text:GPIO_setOutputHighOnPin</name>
         <load_address>0x4550</load_address>
         <run_address>0x4550</run_address>
         <size>0x14</size>
         <input_file_ref idref="fl-b"/>
      </object_component>
      <object_component id="oc-ee">
         <name>.text:GPIO_toggleOutputOnPin</name>
         <load_address>0x4564</load_address>
         <run_address>0x4564</run_address>
         <size>0x14</size>
         <input_file_ref idref="fl-b"/>
      </object_component>
      <object_component id="oc-12c">
         <name>.text</name>
         <load_address>0x4578</load_address>
         <run_address>0x4578</run_address>
         <size>0x14</size>
         <input_file_ref idref="fl-d5"/>
      </object_component>
      <object_component id="oc-300">
         <name>.text</name>
         <load_address>0x458c</load_address>
         <run_address>0x458c</run_address>
         <size>0x14</size>
         <input_file_ref idref="fl-f3"/>
      </object_component>
      <object_component id="oc-178">
         <name>.text</name>
         <load_address>0x45a0</load_address>
         <run_address>0x45a0</run_address>
         <size>0x14</size>
         <input_file_ref idref="fl-d2"/>
      </object_component>
      <object_component id="oc-184">
         <name>.text</name>
         <load_address>0x45b4</load_address>
         <run_address>0x45b4</run_address>
         <size>0x14</size>
         <input_file_ref idref="fl-d3"/>
      </object_component>
      <object_component id="oc-294">
         <name>.text:SysCtl_disableNMISource</name>
         <load_address>0x45c8</load_address>
         <run_address>0x45c8</run_address>
         <size>0x10</size>
         <input_file_ref idref="fl-d"/>
      </object_component>
      <object_component id="oc-2a0">
         <name>.text:SysCtl_enableNMISource</name>
         <load_address>0x45d8</load_address>
         <run_address>0x45d8</run_address>
         <size>0x10</size>
         <input_file_ref idref="fl-d"/>
      </object_component>
      <object_component id="oc-17e">
         <name>.text:Timer_A_clearTimer</name>
         <load_address>0x45e8</load_address>
         <run_address>0x45e8</run_address>
         <size>0x10</size>
         <input_file_ref idref="fl-e"/>
      </object_component>
      <object_component id="oc-be">
         <name>.text:Timer_A_disableInterrupt</name>
         <load_address>0x45f8</load_address>
         <run_address>0x45f8</run_address>
         <size>0x10</size>
         <input_file_ref idref="fl-e"/>
      </object_component>
      <object_component id="oc-d6">
         <name>.text:Timer_A_enableInterrupt</name>
         <load_address>0x4608</load_address>
         <run_address>0x4608</run_address>
         <size>0x10</size>
         <input_file_ref idref="fl-e"/>
      </object_component>
      <object_component id="oc-10">
         <name>.text:decompress:none</name>
         <load_address>0x4618</load_address>
         <run_address>0x4618</run_address>
         <size>0xe</size>
         <input_file_ref idref="fl-c7"/>
      </object_component>
      <object_component id="oc-28e">
         <name>.text:SysCtl_getNMISourceStatus</name>
         <load_address>0x4628</load_address>
         <run_address>0x4628</run_address>
         <size>0xc</size>
         <input_file_ref idref="fl-d"/>
      </object_component>
      <object_component id="oc-15c">
         <name>.text:UART_enableModule</name>
         <load_address>0x4634</load_address>
         <run_address>0x4634</run_address>
         <size>0xc</size>
         <input_file_ref idref="fl-f"/>
      </object_component>
      <object_component id="oc-73">
         <name>.text</name>
         <load_address>0x4640</load_address>
         <run_address>0x4640</run_address>
         <size>0xc</size>
         <input_file_ref idref="fl-3"/>
      </object_component>
      <object_component id="oc-13e">
         <name>.text:CS_startHFXT</name>
         <load_address>0x464c</load_address>
         <run_address>0x464c</run_address>
         <size>0x6</size>
         <input_file_ref idref="fl-a"/>
      </object_component>
      <object_component id="oc-16">
         <name>.text:decompress:rle24</name>
         <load_address>0x4652</load_address>
         <run_address>0x4652</run_address>
         <size>0x6</size>
         <input_file_ref idref="fl-c8"/>
      </object_component>
      <object_component id="oc-57">
         <name>.text</name>
         <load_address>0x4658</load_address>
         <run_address>0x4658</run_address>
         <size>0x4</size>
         <input_file_ref idref="fl-ce"/>
      </object_component>
      <object_component id="oc-1fe">
         <name>.const:.string:_ctypes_</name>
         <load_address>0x4660</load_address>
         <run_address>0x4660</run_address>
         <size>0x101</size>
         <input_file_ref idref="fl-dc"/>
      </object_component>
      <object_component id="oc-f4">
         <name>.const:.string:$P$T0$1</name>
         <load_address>0x4761</load_address>
         <run_address>0x4761</run_address>
         <size>0xe8</size>
         <input_file_ref idref="fl-2"/>
      </object_component>
      <object_component id="oc-326">
         <name>.const:$O1$$</name>
         <load_address>0x4850</load_address>
         <run_address>0x4850</run_address>
         <size>0x98</size>
         <input_file_ref idref="fl-eb"/>
      </object_component>
      <object_component id="oc-1b8">
         <name>.const:GPIO_PORT_TO_BASE</name>
         <load_address>0x48e8</load_address>
         <run_address>0x48e8</run_address>
         <size>0x30</size>
         <input_file_ref idref="fl-b"/>
      </object_component>
      <object_component id="oc-16e">
         <name>.const:uartConfig</name>
         <load_address>0x4918</load_address>
         <run_address>0x4918</run_address>
         <size>0x24</size>
         <input_file_ref idref="fl-4"/>
      </object_component>
      <object_component id="oc-2d2">
         <name>.const:$O1$$</name>
         <load_address>0x493c</load_address>
         <run_address>0x493c</run_address>
         <size>0x10</size>
         <input_file_ref idref="fl-d7"/>
      </object_component>
      <object_component id="oc-171">
         <name>.const:continuousModeConfig</name>
         <load_address>0x494c</load_address>
         <run_address>0x494c</run_address>
         <size>0x10</size>
         <input_file_ref idref="fl-4"/>
      </object_component>
      <object_component id="oc-174">
         <name>.const:continuousModeConfigB</name>
         <load_address>0x495c</load_address>
         <run_address>0x495c</run_address>
         <size>0x10</size>
         <input_file_ref idref="fl-4"/>
      </object_component>
      <object_component id="oc-37a">
         <name>.cinit..data.load</name>
         <load_address>0x4970</load_address>
         <run_address>0x4970</run_address>
         <size>0x16</size>
      </object_component>
      <object_component id="oc-37b">
         <name>.cinit..bss.load</name>
         <load_address>0x4988</load_address>
         <run_address>0x4988</run_address>
         <size>0xb</size>
      </object_component>
      <object_component id="oc-378">
         <name>__TI_handler_table</name>
         <load_address>0x4994</load_address>
         <run_address>0x4994</run_address>
         <size>0x8</size>
      </object_component>
      <object_component id="oc-379">
         <name>__TI_cinit_table</name>
         <load_address>0x499c</load_address>
         <run_address>0x499c</run_address>
         <size>0x10</size>
      </object_component>
      <object_component id="oc-104">
         <name>.data</name>
         <load_address>0x20001870</load_address>
         <run_address>0x20001870</run_address>
         <size>0x4</size>
         <input_file_ref idref="fl-2"/>
      </object_component>
      <object_component id="oc-ac">
         <name>.data:$O1$$</name>
         <load_address>0x2000185c</load_address>
         <run_address>0x2000185c</run_address>
         <size>0xc</size>
         <input_file_ref idref="fl-ca"/>
      </object_component>
      <object_component id="oc-6f">
         <name>.data</name>
         <load_address>0x20001878</load_address>
         <run_address>0x20001878</run_address>
         <size>0x4</size>
         <input_file_ref idref="fl-d1"/>
      </object_component>
      <object_component id="oc-af">
         <name>.data:$O1$$</name>
         <load_address>0x20001868</load_address>
         <run_address>0x20001868</run_address>
         <size>0x8</size>
         <input_file_ref idref="fl-d5"/>
      </object_component>
      <object_component id="oc-306">
         <name>.data</name>
         <load_address>0x20001874</load_address>
         <run_address>0x20001874</run_address>
         <size>0x4</size>
         <input_file_ref idref="fl-f1"/>
      </object_component>
      <object_component id="oc-105">
         <name>.common:ESPbuffer</name>
         <uninitialized>true</uninitialized>
         <run_address>0x20000000</run_address>
         <size>0x800</size>
      </object_component>
      <object_component id="oc-103">
         <name>.common:tempBuf</name>
         <uninitialized>true</uninitialized>
         <run_address>0x20000800</run_address>
         <size>0x800</size>
      </object_component>
      <object_component id="oc-177">
         <name>.common:DataOUT</name>
         <uninitialized>true</uninitialized>
         <run_address>0x20001000</run_address>
         <size>0x7f8</size>
      </object_component>
      <object_component id="oc-100">
         <name>.common:U0RXData</name>
         <uninitialized>true</uninitialized>
         <run_address>0x20001858</run_address>
         <size>0x2</size>
      </object_component>
      <object_component id="oc-101">
         <name>.common:U2RXData</name>
         <uninitialized>true</uninitialized>
         <run_address>0x2000185a</run_address>
         <size>0x2</size>
      </object_component>
      <object_component id="oc-fc">
         <name>.common:SMfreq</name>
         <uninitialized>true</uninitialized>
         <run_address>0x20001844</run_address>
         <size>0x4</size>
      </object_component>
      <object_component id="oc-fd">
         <name>.common:MCLKfreq</name>
         <uninitialized>true</uninitialized>
         <run_address>0x20001834</run_address>
         <size>0x4</size>
      </object_component>
      <object_component id="oc-fe">
         <name>.common:ACLKfreq</name>
         <uninitialized>true</uninitialized>
         <run_address>0x20001830</run_address>
         <size>0x4</size>
      </object_component>
      <object_component id="oc-fa">
         <name>.common:bufIDx</name>
         <uninitialized>true</uninitialized>
         <run_address>0x2000184c</run_address>
         <size>0x4</size>
      </object_component>
      <object_component id="oc-106">
         <name>.common:TimeOutTripped</name>
         <uninitialized>true</uninitialized>
         <run_address>0x20001848</run_address>
         <size>0x4</size>
      </object_component>
      <object_component id="oc-102">
         <name>.common:NewData</name>
         <uninitialized>true</uninitialized>
         <run_address>0x20001838</run_address>
         <size>0x4</size>
      </object_component>
      <object_component id="oc-f7">
         <name>.common:Refresh</name>
         <uninitialized>true</uninitialized>
         <run_address>0x20001840</run_address>
         <size>0x4</size>
      </object_component>
      <object_component id="oc-fb">
         <name>.common:RTC_tick</name>
         <uninitialized>true</uninitialized>
         <run_address>0x2000183c</run_address>
         <size>0x4</size>
      </object_component>
      <object_component id="oc-ff">
         <name>.common:newTime</name>
         <uninitialized>true</uninitialized>
         <run_address>0x20001814</run_address>
         <size>0x1c</size>
      </object_component>
      <object_component id="oc-196">
         <name>.common:TimeDate</name>
         <uninitialized>true</uninitialized>
         <run_address>0x200017f8</run_address>
         <size>0x1c</size>
      </object_component>
      <object_component id="oc-1da">
         <name>.common:hfxtFreq</name>
         <uninitialized>true</uninitialized>
         <run_address>0x20001850</run_address>
         <size>0x4</size>
      </object_component>
      <object_component id="oc-1d7">
         <name>.common:lfxtFreq</name>
         <uninitialized>true</uninitialized>
         <run_address>0x20001854</run_address>
         <size>0x4</size>
      </object_component>
      <object_component id="oc-2b">
         <name>.stack</name>
         <uninitialized>true</uninitialized>
         <run_address>0x2000fe00</run_address>
         <size>0x0</size>
         <input_file_ref idref="fl-c6"/>
      </object_component>
      <object_component id="oc-37c">
         <name>.stack</name>
         <uninitialized>true</uninitialized>
         <run_address>0x2000fe00</run_address>
         <size>0x0</size>
      </object_component>
      <object_component id="oc-f8">
         <name>.debug_info</name>
         <load_address>0x0</load_address>
         <run_address>0x0</run_address>
         <size>0x91f</size>
         <input_file_ref idref="fl-2"/>
      </object_component>
      <object_component id="oc-f5">
         <name>.debug_info</name>
         <load_address>0x91f</load_address>
         <run_address>0x91f</run_address>
         <size>0xce</size>
         <input_file_ref idref="fl-2"/>
      </object_component>
      <object_component id="oc-7a">
         <name>.debug_info</name>
         <load_address>0x9ed</load_address>
         <run_address>0x9ed</run_address>
         <size>0x58e</size>
         <input_file_ref idref="fl-2"/>
      </object_component>
      <object_component id="oc-1c8">
         <name>.debug_info</name>
         <load_address>0xf7b</load_address>
         <run_address>0xf7b</run_address>
         <size>0x101</size>
         <input_file_ref idref="fl-2"/>
      </object_component>
      <object_component id="oc-1c3">
         <name>.debug_info</name>
         <load_address>0x107c</load_address>
         <run_address>0x107c</run_address>
         <size>0x103e</size>
         <input_file_ref idref="fl-2"/>
      </object_component>
      <object_component id="oc-198">
         <name>.debug_info</name>
         <load_address>0x20ba</load_address>
         <run_address>0x20ba</run_address>
         <size>0xc6</size>
         <input_file_ref idref="fl-2"/>
      </object_component>
      <object_component id="oc-205">
         <name>.debug_info</name>
         <load_address>0x2180</load_address>
         <run_address>0x2180</run_address>
         <size>0x341</size>
         <input_file_ref idref="fl-2"/>
      </object_component>
      <object_component id="oc-108">
         <name>.debug_info</name>
         <load_address>0x24c1</load_address>
         <run_address>0x24c1</run_address>
         <size>0x8b</size>
         <input_file_ref idref="fl-2"/>
      </object_component>
      <object_component id="oc-10d">
         <name>.debug_info</name>
         <load_address>0x254c</load_address>
         <run_address>0x254c</run_address>
         <size>0x18b</size>
         <input_file_ref idref="fl-2"/>
      </object_component>
      <object_component id="oc-92">
         <name>.debug_info</name>
         <load_address>0x26d7</load_address>
         <run_address>0x26d7</run_address>
         <size>0x2c</size>
         <input_file_ref idref="fl-2"/>
      </object_component>
      <object_component id="oc-1b3">
         <name>.debug_info</name>
         <load_address>0x2703</load_address>
         <run_address>0x2703</run_address>
         <size>0x4e</size>
         <input_file_ref idref="fl-2"/>
      </object_component>
      <object_component id="oc-20a">
         <name>.debug_info</name>
         <load_address>0x2751</load_address>
         <run_address>0x2751</run_address>
         <size>0xee</size>
         <input_file_ref idref="fl-2"/>
      </object_component>
      <object_component id="oc-81">
         <name>.debug_info</name>
         <load_address>0x283f</load_address>
         <run_address>0x283f</run_address>
         <size>0x18b</size>
         <input_file_ref idref="fl-3"/>
      </object_component>
      <object_component id="oc-29">
         <name>.debug_info</name>
         <load_address>0x29ca</load_address>
         <run_address>0x29ca</run_address>
         <size>0xe8</size>
         <input_file_ref idref="fl-3"/>
      </object_component>
      <object_component id="oc-74">
         <name>.debug_info</name>
         <load_address>0x2ab2</load_address>
         <run_address>0x2ab2</run_address>
         <size>0x216</size>
         <input_file_ref idref="fl-3"/>
      </object_component>
      <object_component id="oc-8a">
         <name>.debug_info</name>
         <load_address>0x2cc8</load_address>
         <run_address>0x2cc8</run_address>
         <size>0x84</size>
         <input_file_ref idref="fl-3"/>
      </object_component>
      <object_component id="oc-19d">
         <name>.debug_info</name>
         <load_address>0x2d4c</load_address>
         <run_address>0x2d4c</run_address>
         <size>0x9b3</size>
         <input_file_ref idref="fl-4"/>
      </object_component>
      <object_component id="oc-172">
         <name>.debug_info</name>
         <load_address>0x36ff</load_address>
         <run_address>0x36ff</run_address>
         <size>0xe5</size>
         <input_file_ref idref="fl-4"/>
      </object_component>
      <object_component id="oc-175">
         <name>.debug_info</name>
         <load_address>0x37e4</load_address>
         <run_address>0x37e4</run_address>
         <size>0xe7</size>
         <input_file_ref idref="fl-4"/>
      </object_component>
      <object_component id="oc-16f">
         <name>.debug_info</name>
         <load_address>0x38cb</load_address>
         <run_address>0x38cb</run_address>
         <size>0xd1</size>
         <input_file_ref idref="fl-4"/>
      </object_component>
      <object_component id="oc-b9">
         <name>.debug_info</name>
         <load_address>0x399c</load_address>
         <run_address>0x399c</run_address>
         <size>0x10b6</size>
         <input_file_ref idref="fl-4"/>
      </object_component>
      <object_component id="oc-1d8">
         <name>.debug_info</name>
         <load_address>0x4a52</load_address>
         <run_address>0x4a52</run_address>
         <size>0x52b</size>
         <input_file_ref idref="fl-a"/>
      </object_component>
      <object_component id="oc-29c">
         <name>.debug_info</name>
         <load_address>0x4f7d</load_address>
         <run_address>0x4f7d</run_address>
         <size>0xfc</size>
         <input_file_ref idref="fl-a"/>
      </object_component>
      <object_component id="oc-1de">
         <name>.debug_info</name>
         <load_address>0x5079</load_address>
         <run_address>0x5079</run_address>
         <size>0x238</size>
         <input_file_ref idref="fl-a"/>
      </object_component>
      <object_component id="oc-140">
         <name>.debug_info</name>
         <load_address>0x52b1</load_address>
         <run_address>0x52b1</run_address>
         <size>0x13b</size>
         <input_file_ref idref="fl-a"/>
      </object_component>
      <object_component id="oc-16a">
         <name>.debug_info</name>
         <load_address>0x53ec</load_address>
         <run_address>0x53ec</run_address>
         <size>0x16e</size>
         <input_file_ref idref="fl-a"/>
      </object_component>
      <object_component id="oc-13a">
         <name>.debug_info</name>
         <load_address>0x555a</load_address>
         <run_address>0x555a</run_address>
         <size>0x1dd</size>
         <input_file_ref idref="fl-a"/>
      </object_component>
      <object_component id="oc-147">
         <name>.debug_info</name>
         <load_address>0x5737</load_address>
         <run_address>0x5737</run_address>
         <size>0x1e8</size>
         <input_file_ref idref="fl-a"/>
      </object_component>
      <object_component id="oc-219">
         <name>.debug_info</name>
         <load_address>0x591f</load_address>
         <run_address>0x591f</run_address>
         <size>0x14a</size>
         <input_file_ref idref="fl-a"/>
      </object_component>
      <object_component id="oc-2ea">
         <name>.debug_info</name>
         <load_address>0x5a69</load_address>
         <run_address>0x5a69</run_address>
         <size>0x129</size>
         <input_file_ref idref="fl-a"/>
      </object_component>
      <object_component id="oc-21f">
         <name>.debug_info</name>
         <load_address>0x5b92</load_address>
         <run_address>0x5b92</run_address>
         <size>0x178</size>
         <input_file_ref idref="fl-a"/>
      </object_component>
      <object_component id="oc-225">
         <name>.debug_info</name>
         <load_address>0x5d0a</load_address>
         <run_address>0x5d0a</run_address>
         <size>0x120</size>
         <input_file_ref idref="fl-a"/>
      </object_component>
      <object_component id="oc-1a4">
         <name>.debug_info</name>
         <load_address>0x5e2a</load_address>
         <run_address>0x5e2a</run_address>
         <size>0x1f9</size>
         <input_file_ref idref="fl-a"/>
      </object_component>
      <object_component id="oc-c7">
         <name>.debug_info</name>
         <load_address>0x6023</load_address>
         <run_address>0x6023</run_address>
         <size>0x132</size>
         <input_file_ref idref="fl-a"/>
      </object_component>
      <object_component id="oc-cd">
         <name>.debug_info</name>
         <load_address>0x6155</load_address>
         <run_address>0x6155</run_address>
         <size>0x130</size>
         <input_file_ref idref="fl-a"/>
      </object_component>
      <object_component id="oc-d2">
         <name>.debug_info</name>
         <load_address>0x6285</load_address>
         <run_address>0x6285</run_address>
         <size>0x130</size>
         <input_file_ref idref="fl-a"/>
      </object_component>
      <object_component id="oc-211">
         <name>.debug_info</name>
         <load_address>0x63b5</load_address>
         <run_address>0x63b5</run_address>
         <size>0x103c</size>
         <input_file_ref idref="fl-a"/>
      </object_component>
      <object_component id="oc-1bc">
         <name>.debug_info</name>
         <load_address>0x73f1</load_address>
         <run_address>0x73f1</run_address>
         <size>0x440</size>
         <input_file_ref idref="fl-b"/>
      </object_component>
      <object_component id="oc-1b9">
         <name>.debug_info</name>
         <load_address>0x7831</load_address>
         <run_address>0x7831</run_address>
         <size>0xd0</size>
         <input_file_ref idref="fl-b"/>
      </object_component>
      <object_component id="oc-ef">
         <name>.debug_info</name>
         <load_address>0x7901</load_address>
         <run_address>0x7901</run_address>
         <size>0x183</size>
         <input_file_ref idref="fl-b"/>
      </object_component>
      <object_component id="oc-e3">
         <name>.debug_info</name>
         <load_address>0x7a84</load_address>
         <run_address>0x7a84</run_address>
         <size>0x183</size>
         <input_file_ref idref="fl-b"/>
      </object_component>
      <object_component id="oc-e9">
         <name>.debug_info</name>
         <load_address>0x7c07</load_address>
         <run_address>0x7c07</run_address>
         <size>0x185</size>
         <input_file_ref idref="fl-b"/>
      </object_component>
      <object_component id="oc-14b">
         <name>.debug_info</name>
         <load_address>0x7d8c</load_address>
         <run_address>0x7d8c</run_address>
         <size>0x1ee</size>
         <input_file_ref idref="fl-b"/>
      </object_component>
      <object_component id="oc-151">
         <name>.debug_info</name>
         <load_address>0x7f7a</load_address>
         <run_address>0x7f7a</run_address>
         <size>0x1ec</size>
         <input_file_ref idref="fl-b"/>
      </object_component>
      <object_component id="oc-163">
         <name>.debug_info</name>
         <load_address>0x8166</load_address>
         <run_address>0x8166</run_address>
         <size>0x17d</size>
         <input_file_ref idref="fl-b"/>
      </object_component>
      <object_component id="oc-31a">
         <name>.debug_info</name>
         <load_address>0x82e3</load_address>
         <run_address>0x82e3</run_address>
         <size>0x2f4</size>
         <input_file_ref idref="fl-d"/>
      </object_component>
      <object_component id="oc-292">
         <name>.debug_info</name>
         <load_address>0x85d7</load_address>
         <run_address>0x85d7</run_address>
         <size>0x10f</size>
         <input_file_ref idref="fl-d"/>
      </object_component>
      <object_component id="oc-2a4">
         <name>.debug_info</name>
         <load_address>0x86e6</load_address>
         <run_address>0x86e6</run_address>
         <size>0x12b</size>
         <input_file_ref idref="fl-d"/>
      </object_component>
      <object_component id="oc-298">
         <name>.debug_info</name>
         <load_address>0x8811</load_address>
         <run_address>0x8811</run_address>
         <size>0x12d</size>
         <input_file_ref idref="fl-d"/>
      </object_component>
      <object_component id="oc-1a0">
         <name>.debug_info</name>
         <load_address>0x893e</load_address>
         <run_address>0x893e</run_address>
         <size>0x48c</size>
         <input_file_ref idref="fl-e"/>
      </object_component>
      <object_component id="oc-d8">
         <name>.debug_info</name>
         <load_address>0x8dca</load_address>
         <run_address>0x8dca</run_address>
         <size>0x133</size>
         <input_file_ref idref="fl-e"/>
      </object_component>
      <object_component id="oc-c0">
         <name>.debug_info</name>
         <load_address>0x8efd</load_address>
         <run_address>0x8efd</run_address>
         <size>0x135</size>
         <input_file_ref idref="fl-e"/>
      </object_component>
      <object_component id="oc-180">
         <name>.debug_info</name>
         <load_address>0x9032</load_address>
         <run_address>0x9032</run_address>
         <size>0x129</size>
         <input_file_ref idref="fl-e"/>
      </object_component>
      <object_component id="oc-1e7">
         <name>.debug_info</name>
         <load_address>0x915b</load_address>
         <run_address>0x915b</run_address>
         <size>0x434</size>
         <input_file_ref idref="fl-f"/>
      </object_component>
      <object_component id="oc-158">
         <name>.debug_info</name>
         <load_address>0x958f</load_address>
         <run_address>0x958f</run_address>
         <size>0x169</size>
         <input_file_ref idref="fl-f"/>
      </object_component>
      <object_component id="oc-15e">
         <name>.debug_info</name>
         <load_address>0x96f8</load_address>
         <run_address>0x96f8</run_address>
         <size>0x13f</size>
         <input_file_ref idref="fl-f"/>
      </object_component>
      <object_component id="oc-23">
         <name>.debug_info</name>
         <load_address>0x9837</load_address>
         <run_address>0x9837</run_address>
         <size>0x17c</size>
         <input_file_ref idref="fl-c6"/>
      </object_component>
      <object_component id="oc-37">
         <name>.debug_info</name>
         <load_address>0x99b3</load_address>
         <run_address>0x99b3</run_address>
         <size>0x15c</size>
         <input_file_ref idref="fl-c7"/>
      </object_component>
      <object_component id="oc-11">
         <name>.debug_info</name>
         <load_address>0x9b0f</load_address>
         <run_address>0x9b0f</run_address>
         <size>0x1fb</size>
         <input_file_ref idref="fl-c7"/>
      </object_component>
      <object_component id="oc-32">
         <name>.debug_info</name>
         <load_address>0x9d0a</load_address>
         <run_address>0x9d0a</run_address>
         <size>0x46</size>
         <input_file_ref idref="fl-c7"/>
      </object_component>
      <object_component id="oc-83">
         <name>.debug_info</name>
         <load_address>0x9d50</load_address>
         <run_address>0x9d50</run_address>
         <size>0x2c</size>
         <input_file_ref idref="fl-c7"/>
      </object_component>
      <object_component id="oc-3f">
         <name>.debug_info</name>
         <load_address>0x9d7c</load_address>
         <run_address>0x9d7c</run_address>
         <size>0x150</size>
         <input_file_ref idref="fl-c8"/>
      </object_component>
      <object_component id="oc-3b">
         <name>.debug_info</name>
         <load_address>0x9ecc</load_address>
         <run_address>0x9ecc</run_address>
         <size>0x263</size>
         <input_file_ref idref="fl-c8"/>
      </object_component>
      <object_component id="oc-19">
         <name>.debug_info</name>
         <load_address>0xa12f</load_address>
         <run_address>0xa12f</run_address>
         <size>0x1cd</size>
         <input_file_ref idref="fl-c8"/>
      </object_component>
      <object_component id="oc-40">
         <name>.debug_info</name>
         <load_address>0xa2fc</load_address>
         <run_address>0xa2fc</run_address>
         <size>0x39</size>
         <input_file_ref idref="fl-c8"/>
      </object_component>
      <object_component id="oc-b3">
         <name>.debug_info</name>
         <load_address>0xa335</load_address>
         <run_address>0xa335</run_address>
         <size>0x250</size>
         <input_file_ref idref="fl-ca"/>
      </object_component>
      <object_component id="oc-ad">
         <name>.debug_info</name>
         <load_address>0xa585</load_address>
         <run_address>0xa585</run_address>
         <size>0x1a1</size>
         <input_file_ref idref="fl-ca"/>
      </object_component>
      <object_component id="oc-6a">
         <name>.debug_info</name>
         <load_address>0xa726</load_address>
         <run_address>0xa726</run_address>
         <size>0x230</size>
         <input_file_ref idref="fl-ca"/>
      </object_component>
      <object_component id="oc-2d">
         <name>.debug_info</name>
         <load_address>0xa956</load_address>
         <run_address>0xa956</run_address>
         <size>0x12d</size>
         <input_file_ref idref="fl-cb"/>
      </object_component>
      <object_component id="oc-47">
         <name>.debug_info</name>
         <load_address>0xaa83</load_address>
         <run_address>0xaa83</run_address>
         <size>0x15b</size>
         <input_file_ref idref="fl-cc"/>
      </object_component>
      <object_component id="oc-53">
         <name>.debug_info</name>
         <load_address>0xabde</load_address>
         <run_address>0xabde</run_address>
         <size>0x154</size>
         <input_file_ref idref="fl-cd"/>
      </object_component>
      <object_component id="oc-5a">
         <name>.debug_info</name>
         <load_address>0xad32</load_address>
         <run_address>0xad32</run_address>
         <size>0x164</size>
         <input_file_ref idref="fl-ce"/>
      </object_component>
      <object_component id="oc-1b2">
         <name>.debug_info</name>
         <load_address>0xae96</load_address>
         <run_address>0xae96</run_address>
         <size>0x1d7</size>
         <input_file_ref idref="fl-cf"/>
      </object_component>
      <object_component id="oc-df">
         <name>.debug_info</name>
         <load_address>0xb06d</load_address>
         <run_address>0xb06d</run_address>
         <size>0x300</size>
         <input_file_ref idref="fl-cf"/>
      </object_component>
      <object_component id="oc-27c">
         <name>.debug_info</name>
         <load_address>0xb36d</load_address>
         <run_address>0xb36d</run_address>
         <size>0x2c</size>
         <input_file_ref idref="fl-cf"/>
      </object_component>
      <object_component id="oc-202">
         <name>.debug_info</name>
         <load_address>0xb399</load_address>
         <run_address>0xb399</run_address>
         <size>0x1f1</size>
         <input_file_ref idref="fl-d0"/>
      </object_component>
      <object_component id="oc-191">
         <name>.debug_info</name>
         <load_address>0xb58a</load_address>
         <run_address>0xb58a</run_address>
         <size>0x426</size>
         <input_file_ref idref="fl-d0"/>
      </object_component>
      <object_component id="oc-70">
         <name>.debug_info</name>
         <load_address>0xb9b0</load_address>
         <run_address>0xb9b0</run_address>
         <size>0x125</size>
         <input_file_ref idref="fl-d1"/>
      </object_component>
      <object_component id="oc-1f2">
         <name>.debug_info</name>
         <load_address>0xbad5</load_address>
         <run_address>0xbad5</run_address>
         <size>0x10c</size>
         <input_file_ref idref="fl-d2"/>
      </object_component>
      <object_component id="oc-179">
         <name>.debug_info</name>
         <load_address>0xbbe1</load_address>
         <run_address>0xbbe1</run_address>
         <size>0x283</size>
         <input_file_ref idref="fl-d2"/>
      </object_component>
      <object_component id="oc-1f5">
         <name>.debug_info</name>
         <load_address>0xbe64</load_address>
         <run_address>0xbe64</run_address>
         <size>0x106</size>
         <input_file_ref idref="fl-d3"/>
      </object_component>
      <object_component id="oc-185">
         <name>.debug_info</name>
         <load_address>0xbf6a</load_address>
         <run_address>0xbf6a</run_address>
         <size>0x27c</size>
         <input_file_ref idref="fl-d3"/>
      </object_component>
      <object_component id="oc-1f7">
         <name>.debug_info</name>
         <load_address>0xc1e6</load_address>
         <run_address>0xc1e6</run_address>
         <size>0x10c</size>
         <input_file_ref idref="fl-d4"/>
      </object_component>
      <object_component id="oc-18b">
         <name>.debug_info</name>
         <load_address>0xc2f2</load_address>
         <run_address>0xc2f2</run_address>
         <size>0x1e2</size>
         <input_file_ref idref="fl-d4"/>
      </object_component>
      <object_component id="oc-134">
         <name>.debug_info</name>
         <load_address>0xc4d4</load_address>
         <run_address>0xc4d4</run_address>
         <size>0x140</size>
         <input_file_ref idref="fl-d5"/>
      </object_component>
      <object_component id="oc-b0">
         <name>.debug_info</name>
         <load_address>0xc614</load_address>
         <run_address>0xc614</run_address>
         <size>0x12f</size>
         <input_file_ref idref="fl-d5"/>
      </object_component>
      <object_component id="oc-130">
         <name>.debug_info</name>
         <load_address>0xc743</load_address>
         <run_address>0xc743</run_address>
         <size>0x23b</size>
         <input_file_ref idref="fl-d5"/>
      </object_component>
      <object_component id="oc-276">
         <name>.debug_info</name>
         <load_address>0xc97e</load_address>
         <run_address>0xc97e</run_address>
         <size>0x3ac</size>
         <input_file_ref idref="fl-d6"/>
      </object_component>
      <object_component id="oc-1ac">
         <name>.debug_info</name>
         <load_address>0xcd2a</load_address>
         <run_address>0xcd2a</run_address>
         <size>0x180c</size>
         <input_file_ref idref="fl-d6"/>
      </object_component>
      <object_component id="oc-277">
         <name>.debug_info</name>
         <load_address>0xe536</load_address>
         <run_address>0xe536</run_address>
         <size>0x86</size>
         <input_file_ref idref="fl-d6"/>
      </object_component>
      <object_component id="oc-313">
         <name>.debug_info</name>
         <load_address>0xe5bc</load_address>
         <run_address>0xe5bc</run_address>
         <size>0x46</size>
         <input_file_ref idref="fl-d6"/>
      </object_component>
      <object_component id="oc-281">
         <name>.debug_info</name>
         <load_address>0xe602</load_address>
         <run_address>0xe602</run_address>
         <size>0x39</size>
         <input_file_ref idref="fl-d6"/>
      </object_component>
      <object_component id="oc-2da">
         <name>.debug_info</name>
         <load_address>0xe63b</load_address>
         <run_address>0xe63b</run_address>
         <size>0x492</size>
         <input_file_ref idref="fl-d7"/>
      </object_component>
      <object_component id="oc-1fc">
         <name>.debug_info</name>
         <load_address>0xeacd</load_address>
         <run_address>0xeacd</run_address>
         <size>0xc1f</size>
         <input_file_ref idref="fl-d7"/>
      </object_component>
      <object_component id="oc-2dc">
         <name>.debug_info</name>
         <load_address>0xf6ec</load_address>
         <run_address>0xf6ec</run_address>
         <size>0x9a</size>
         <input_file_ref idref="fl-d7"/>
      </object_component>
      <object_component id="oc-ab">
         <name>.debug_info</name>
         <load_address>0xf786</load_address>
         <run_address>0xf786</run_address>
         <size>0x182</size>
         <input_file_ref idref="fl-d8"/>
      </object_component>
      <object_component id="oc-65">
         <name>.debug_info</name>
         <load_address>0xf908</load_address>
         <run_address>0xf908</run_address>
         <size>0x183</size>
         <input_file_ref idref="fl-d8"/>
      </object_component>
      <object_component id="oc-125">
         <name>.debug_info</name>
         <load_address>0xfa8b</load_address>
         <run_address>0xfa8b</run_address>
         <size>0x5e</size>
         <input_file_ref idref="fl-d8"/>
      </object_component>
      <object_component id="oc-310">
         <name>.debug_info</name>
         <load_address>0xfae9</load_address>
         <run_address>0xfae9</run_address>
         <size>0x130</size>
         <input_file_ref idref="fl-d9"/>
      </object_component>
      <object_component id="oc-271">
         <name>.debug_info</name>
         <load_address>0xfc19</load_address>
         <run_address>0xfc19</run_address>
         <size>0x18d</size>
         <input_file_ref idref="fl-d9"/>
      </object_component>
      <object_component id="oc-a9">
         <name>.debug_info</name>
         <load_address>0xfda6</load_address>
         <run_address>0xfda6</run_address>
         <size>0x305</size>
         <input_file_ref idref="fl-da"/>
      </object_component>
      <object_component id="oc-5e">
         <name>.debug_info</name>
         <load_address>0x100ab</load_address>
         <run_address>0x100ab</run_address>
         <size>0x1ac</size>
         <input_file_ref idref="fl-da"/>
      </object_component>
      <object_component id="oc-119">
         <name>.debug_info</name>
         <load_address>0x10257</load_address>
         <run_address>0x10257</run_address>
         <size>0x39</size>
         <input_file_ref idref="fl-da"/>
      </object_component>
      <object_component id="oc-11e">
         <name>.debug_info</name>
         <load_address>0x10290</load_address>
         <run_address>0x10290</run_address>
         <size>0xcd</size>
         <input_file_ref idref="fl-da"/>
      </object_component>
      <object_component id="oc-115">
         <name>.debug_info</name>
         <load_address>0x1035d</load_address>
         <run_address>0x1035d</run_address>
         <size>0x1fc</size>
         <input_file_ref idref="fl-db"/>
      </object_component>
      <object_component id="oc-9d">
         <name>.debug_info</name>
         <load_address>0x10559</load_address>
         <run_address>0x10559</run_address>
         <size>0x19f</size>
         <input_file_ref idref="fl-db"/>
      </object_component>
      <object_component id="oc-1cf">
         <name>.debug_info</name>
         <load_address>0x106f8</load_address>
         <run_address>0x106f8</run_address>
         <size>0x2c</size>
         <input_file_ref idref="fl-db"/>
      </object_component>
      <object_component id="oc-2e3">
         <name>.debug_info</name>
         <load_address>0x10724</load_address>
         <run_address>0x10724</run_address>
         <size>0x10a</size>
         <input_file_ref idref="fl-dc"/>
      </object_component>
      <object_component id="oc-1ff">
         <name>.debug_info</name>
         <load_address>0x1082e</load_address>
         <run_address>0x1082e</run_address>
         <size>0x116</size>
         <input_file_ref idref="fl-dc"/>
      </object_component>
      <object_component id="oc-253">
         <name>.debug_info</name>
         <load_address>0x10944</load_address>
         <run_address>0x10944</run_address>
         <size>0x160</size>
         <input_file_ref idref="fl-dd"/>
      </object_component>
      <object_component id="oc-22f">
         <name>.debug_info</name>
         <load_address>0x10aa4</load_address>
         <run_address>0x10aa4</run_address>
         <size>0x13c</size>
         <input_file_ref idref="fl-de"/>
      </object_component>
      <object_component id="oc-240">
         <name>.debug_info</name>
         <load_address>0x10be0</load_address>
         <run_address>0x10be0</run_address>
         <size>0x13e</size>
         <input_file_ref idref="fl-de"/>
      </object_component>
      <object_component id="oc-23b">
         <name>.debug_info</name>
         <load_address>0x10d1e</load_address>
         <run_address>0x10d1e</run_address>
         <size>0x14e</size>
         <input_file_ref idref="fl-df"/>
      </object_component>
      <object_component id="oc-236">
         <name>.debug_info</name>
         <load_address>0x10e6c</load_address>
         <run_address>0x10e6c</run_address>
         <size>0x14e</size>
         <input_file_ref idref="fl-e0"/>
      </object_component>
      <object_component id="oc-243">
         <name>.debug_info</name>
         <load_address>0x10fba</load_address>
         <run_address>0x10fba</run_address>
         <size>0x142</size>
         <input_file_ref idref="fl-e1"/>
      </object_component>
      <object_component id="oc-2c4">
         <name>.debug_info</name>
         <load_address>0x110fc</load_address>
         <run_address>0x110fc</run_address>
         <size>0x152</size>
         <input_file_ref idref="fl-e2"/>
      </object_component>
      <object_component id="oc-250">
         <name>.debug_info</name>
         <load_address>0x1124e</load_address>
         <run_address>0x1124e</run_address>
         <size>0x140</size>
         <input_file_ref idref="fl-e3"/>
      </object_component>
      <object_component id="oc-2f6">
         <name>.debug_info</name>
         <load_address>0x1138e</load_address>
         <run_address>0x1138e</run_address>
         <size>0x168</size>
         <input_file_ref idref="fl-e4"/>
      </object_component>
      <object_component id="oc-248">
         <name>.debug_info</name>
         <load_address>0x114f6</load_address>
         <run_address>0x114f6</run_address>
         <size>0x1de</size>
         <input_file_ref idref="fl-e4"/>
      </object_component>
      <object_component id="oc-30e">
         <name>.debug_info</name>
         <load_address>0x116d4</load_address>
         <run_address>0x116d4</run_address>
         <size>0x10d</size>
         <input_file_ref idref="fl-e5"/>
      </object_component>
      <object_component id="oc-26d">
         <name>.debug_info</name>
         <load_address>0x117e1</load_address>
         <run_address>0x117e1</run_address>
         <size>0x1c7</size>
         <input_file_ref idref="fl-e5"/>
      </object_component>
      <object_component id="oc-2fa">
         <name>.debug_info</name>
         <load_address>0x119a8</load_address>
         <run_address>0x119a8</run_address>
         <size>0x15b</size>
         <input_file_ref idref="fl-e6"/>
      </object_component>
      <object_component id="oc-259">
         <name>.debug_info</name>
         <load_address>0x11b03</load_address>
         <run_address>0x11b03</run_address>
         <size>0x1a6</size>
         <input_file_ref idref="fl-e6"/>
      </object_component>
      <object_component id="oc-2fb">
         <name>.debug_info</name>
         <load_address>0x11ca9</load_address>
         <run_address>0x11ca9</run_address>
         <size>0x2c</size>
         <input_file_ref idref="fl-e6"/>
      </object_component>
      <object_component id="oc-30a">
         <name>.debug_info</name>
         <load_address>0x11cd5</load_address>
         <run_address>0x11cd5</run_address>
         <size>0x198</size>
         <input_file_ref idref="fl-e7"/>
      </object_component>
      <object_component id="oc-25f">
         <name>.debug_info</name>
         <load_address>0x11e6d</load_address>
         <run_address>0x11e6d</run_address>
         <size>0x1f1</size>
         <input_file_ref idref="fl-e7"/>
      </object_component>
      <object_component id="oc-a5">
         <name>.debug_info</name>
         <load_address>0x1205e</load_address>
         <run_address>0x1205e</run_address>
         <size>0x161</size>
         <input_file_ref idref="fl-e8"/>
      </object_component>
      <object_component id="oc-30c">
         <name>.debug_info</name>
         <load_address>0x121bf</load_address>
         <run_address>0x121bf</run_address>
         <size>0x111</size>
         <input_file_ref idref="fl-e9"/>
      </object_component>
      <object_component id="oc-264">
         <name>.debug_info</name>
         <load_address>0x122d0</load_address>
         <run_address>0x122d0</run_address>
         <size>0x296</size>
         <input_file_ref idref="fl-e9"/>
      </object_component>
      <object_component id="oc-332">
         <name>.debug_info</name>
         <load_address>0x12566</load_address>
         <run_address>0x12566</run_address>
         <size>0x10d</size>
         <input_file_ref idref="fl-ea"/>
      </object_component>
      <object_component id="oc-2d4">
         <name>.debug_info</name>
         <load_address>0x12673</load_address>
         <run_address>0x12673</run_address>
         <size>0x29a</size>
         <input_file_ref idref="fl-ea"/>
      </object_component>
      <object_component id="oc-32a">
         <name>.debug_info</name>
         <load_address>0x1290d</load_address>
         <run_address>0x1290d</run_address>
         <size>0x279</size>
         <input_file_ref idref="fl-eb"/>
      </object_component>
      <object_component id="oc-327">
         <name>.debug_info</name>
         <load_address>0x12b86</load_address>
         <run_address>0x12b86</run_address>
         <size>0x134</size>
         <input_file_ref idref="fl-eb"/>
      </object_component>
      <object_component id="oc-2bc">
         <name>.debug_info</name>
         <load_address>0x12cba</load_address>
         <run_address>0x12cba</run_address>
         <size>0x31c</size>
         <input_file_ref idref="fl-eb"/>
      </object_component>
      <object_component id="oc-32e">
         <name>.debug_info</name>
         <load_address>0x12fd6</load_address>
         <run_address>0x12fd6</run_address>
         <size>0x15e</size>
         <input_file_ref idref="fl-ec"/>
      </object_component>
      <object_component id="oc-2c8">
         <name>.debug_info</name>
         <load_address>0x13134</load_address>
         <run_address>0x13134</run_address>
         <size>0x283</size>
         <input_file_ref idref="fl-ec"/>
      </object_component>
      <object_component id="oc-330">
         <name>.debug_info</name>
         <load_address>0x133b7</load_address>
         <run_address>0x133b7</run_address>
         <size>0x15f</size>
         <input_file_ref idref="fl-ed"/>
      </object_component>
      <object_component id="oc-2cd">
         <name>.debug_info</name>
         <load_address>0x13516</load_address>
         <run_address>0x13516</run_address>
         <size>0x2c7</size>
         <input_file_ref idref="fl-ed"/>
      </object_component>
      <object_component id="oc-31e">
         <name>.debug_info</name>
         <load_address>0x137dd</load_address>
         <run_address>0x137dd</run_address>
         <size>0x15f</size>
         <input_file_ref idref="fl-ee"/>
      </object_component>
      <object_component id="oc-2b0">
         <name>.debug_info</name>
         <load_address>0x1393c</load_address>
         <run_address>0x1393c</run_address>
         <size>0x229</size>
         <input_file_ref idref="fl-ee"/>
      </object_component>
      <object_component id="oc-325">
         <name>.debug_info</name>
         <load_address>0x13b65</load_address>
         <run_address>0x13b65</run_address>
         <size>0x160</size>
         <input_file_ref idref="fl-ef"/>
      </object_component>
      <object_component id="oc-2b6">
         <name>.debug_info</name>
         <load_address>0x13cc5</load_address>
         <run_address>0x13cc5</run_address>
         <size>0x251</size>
         <input_file_ref idref="fl-ef"/>
      </object_component>
      <object_component id="oc-22a">
         <name>.debug_info</name>
         <load_address>0x13f16</load_address>
         <run_address>0x13f16</run_address>
         <size>0x199</size>
         <input_file_ref idref="fl-f0"/>
      </object_component>
      <object_component id="oc-307">
         <name>.debug_info</name>
         <load_address>0x140af</load_address>
         <run_address>0x140af</run_address>
         <size>0x10f</size>
         <input_file_ref idref="fl-f1"/>
      </object_component>
      <object_component id="oc-320">
         <name>.debug_info</name>
         <load_address>0x141be</load_address>
         <run_address>0x141be</run_address>
         <size>0x136</size>
         <input_file_ref idref="fl-f2"/>
      </object_component>
      <object_component id="oc-302">
         <name>.debug_info</name>
         <load_address>0x142f4</load_address>
         <run_address>0x142f4</run_address>
         <size>0x172</size>
         <input_file_ref idref="fl-f3"/>
      </object_component>
      <object_component id="oc-37d">
         <name>.debug_info</name>
         <load_address>0x14466</load_address>
         <run_address>0x14466</run_address>
         <size>0x9c</size>
      </object_component>
      <object_component id="oc-1c2">
         <name>.debug_line</name>
         <load_address>0x0</load_address>
         <run_address>0x0</run_address>
         <size>0x18e</size>
         <input_file_ref idref="fl-2"/>
      </object_component>
      <object_component id="oc-1c0">
         <name>.debug_line</name>
         <load_address>0x18e</load_address>
         <run_address>0x18e</run_address>
         <size>0x34</size>
         <input_file_ref idref="fl-2"/>
      </object_component>
      <object_component id="oc-7e">
         <name>.debug_line</name>
         <load_address>0x1c2</load_address>
         <run_address>0x1c2</run_address>
         <size>0x13e</size>
         <input_file_ref idref="fl-2"/>
      </object_component>
      <object_component id="oc-1cb">
         <name>.debug_line</name>
         <load_address>0x300</load_address>
         <run_address>0x300</run_address>
         <size>0x30</size>
         <input_file_ref idref="fl-2"/>
      </object_component>
      <object_component id="oc-1c6">
         <name>.debug_line</name>
         <load_address>0x330</load_address>
         <run_address>0x330</run_address>
         <size>0x55</size>
         <input_file_ref idref="fl-2"/>
      </object_component>
      <object_component id="oc-19b">
         <name>.debug_line</name>
         <load_address>0x385</load_address>
[...]
         <name>MCLKfreq</name>
         <value>0x20001834</value>
      </symbol>
      <symbol id="sm-a3">
         <name>ACLKfreq</name>
         <value>0x20001830</value>
      </symbol>
      <symbol id="sm-a4">
         <name>bufIDx</name>
         <value>0x2000184c</value>
      </symbol>
      <symbol id="sm-a5">
         <name>TimeOutTripped</name>
         <value>0x20001848</value>
      </symbol>
      <symbol id="sm-a6">
         <name>NewData</name>
         <value>0x20001838</value>
      </symbol>
      <symbol id="sm-a7">
         <name>Refresh</name>
         <value>0x20001840</value>
      </symbol>
      <symbol id="sm-a8">
         <name>RTC_tick</name>
         <value>0x2000183c</value>
      </symbol>
      <symbol id="sm-a9">
         <name>newTime</name>
         <value>0x20001814</value>
      </symbol>
      <symbol id="sm-aa">
         <name>TimeDate</name>
         <value>0x200017f8</value>
      </symbol>
      <symbol id="sm-ab">
         <name>euscia0_isr</name>
         <value>0x26b5</value>
         <object_component_ref idref="oc-79"/>
      </symbol>
      <symbol id="sm-ac">
         <name>timer0_a1_isr</name>
         <value>0x2823</value>
         <object_component_ref idref="oc-79"/>
      </symbol>
      <symbol id="sm-ad">
         <name>timer0_a0_isr</name>
         <value>0x280b</value>
         <object_component_ref idref="oc-79"/>
      </symbol>
      <symbol id="sm-ae">
         <name>main</name>
         <value>0x25e9</value>
         <object_component_ref idref="oc-79"/>
      </symbol>
      <symbol id="sm-af">
         <name>rtc_isr</name>
         <value>0x2839</value>
         <object_component_ref idref="oc-79"/>
      </symbol>
      <symbol id="sm-b0">
         <name>euscia2_isr</name>
         <value>0x271b</value>
         <object_component_ref idref="oc-79"/>
      </symbol>
      <symbol id="sm-d2">
         <name>interruptVectors</name>
         <value>0x0</value>
         <object_component_ref idref="oc-28"/>
      </symbol>
      <symbol id="sm-156">
         <name>uartConfig</name>
         <value>0x4918</value>
         <object_component_ref idref="oc-16e"/>
      </symbol>
      <symbol id="sm-157">
         <name>ESP8266_Send</name>
         <value>0x1af3</value>
         <object_component_ref idref="oc-b8"/>
      </symbol>
      <symbol id="sm-158">
         <name>continuousModeConfig</name>
         <value>0x494c</value>
         <object_component_ref idref="oc-171"/>
      </symbol>
      <symbol id="sm-159">
         <name>PutInServerMode</name>
         <value>0x1505</value>
         <object_component_ref idref="oc-b8"/>
      </symbol>
      <symbol id="sm-15a">
         <name>InitFunction_Client</name>
         <value>0x1337</value>
         <object_component_ref idref="oc-b8"/>
      </symbol>
      <symbol id="sm-15b">
         <name>InitFunction_Server</name>
         <value>0x1251</value>
         <object_component_ref idref="oc-b8"/>
      </symbol>
      <symbol id="sm-15c">
         <name>continuousModeConfigB</name>
         <value>0x495c</value>
         <object_component_ref idref="oc-174"/>
      </symbol>
      <symbol id="sm-15d">
         <name>my_puts</name>
         <value>0x1ab9</value>
         <object_component_ref idref="oc-b8"/>
      </symbol>
      <symbol id="sm-15e">
         <name>ParseData</name>
         <value>0x1875</value>
         <object_component_ref idref="oc-b8"/>
      </symbol>
      <symbol id="sm-15f">
         <name>WaitForResponse_String</name>
         <value>0x16e9</value>
         <object_component_ref idref="oc-b8"/>
      </symbol>
      <symbol id="sm-160">
         <name>PutInClientMode</name>
         <value>0x15e1</value>
         <object_component_ref idref="oc-b8"/>
      </symbol>
      <symbol id="sm-161">
         <name>ESP8266_Receive</name>
         <value>0x1b2d</value>
         <object_component_ref idref="oc-b8"/>
      </symbol>
      <symbol id="sm-162">
         <name>GetandSetTime</name>
         <value>0x1b35</value>
         <object_component_ref idref="oc-b8"/>
      </symbol>
      <symbol id="sm-242">
         <name>CS_getACLK</name>
         <value>0x447d</value>
         <object_component_ref idref="oc-d0"/>
      </symbol>
      <symbol id="sm-243">
         <name>CS_getMCLK</name>
         <value>0x4495</value>
         <object_component_ref idref="oc-ca"/>
      </symbol>
      <symbol id="sm-244">
         <name>CS_clearInterruptFlag</name>
         <value>0x43fd</value>
         <object_component_ref idref="oc-222"/>
      </symbol>
      <symbol id="sm-245">
         <name>CS_startHFXT</name>
         <value>0x464d</value>
         <object_component_ref idref="oc-13e"/>
      </symbol>
      <symbol id="sm-246">
         <name>CS_getDCOFrequency</name>
         <value>0x3bfd</value>
         <object_component_ref idref="oc-21c"/>
      </symbol>
      <symbol id="sm-247">
         <name>CS_setExternalClockSourceFrequency</name>
         <value>0x453d</value>
         <object_component_ref idref="oc-138"/>
      </symbol>
      <symbol id="sm-248">
         <name>CS_getSMCLK</name>
         <value>0x44ad</value>
         <object_component_ref idref="oc-c4"/>
      </symbol>
      <symbol id="sm-249">
         <name>CS_setReferenceOscillatorFrequency</name>
         <value>0x4445</value>
         <object_component_ref idref="oc-168"/>
      </symbol>
      <symbol id="sm-24a">
         <name>CS_startHFXTWithTimeout</name>
         <value>0x3b6d</value>
         <object_component_ref idref="oc-1dc"/>
      </symbol>
      <symbol id="sm-24b">
         <name>CS_initClockSignal</name>
         <value>0x37f5</value>
         <object_component_ref idref="oc-144"/>
      </symbol>
      <symbol id="sm-29d">
         <name>GPIO_setOutputHighOnPin</name>
         <value>0x4551</value>
         <object_component_ref idref="oc-e8"/>
      </symbol>
      <symbol id="sm-29e">
         <name>GPIO_setAsOutputPin</name>
         <value>0x4421</value>
         <object_component_ref idref="oc-162"/>
      </symbol>
      <symbol id="sm-29f">
         <name>GPIO_setOutputLowOnPin</name>
         <value>0x44c5</value>
         <object_component_ref idref="oc-e2"/>
      </symbol>
      <symbol id="sm-2a0">
         <name>GPIO_toggleOutputOnPin</name>
         <value>0x4565</value>
         <object_component_ref idref="oc-ee"/>
      </symbol>
      <symbol id="sm-2a1">
         <name>GPIO_setAsPeripheralModuleFunctionOutputPin</name>
         <value>0x41d9</value>
         <object_component_ref idref="oc-14a"/>
      </symbol>
      <symbol id="sm-2a2">
         <name>GPIO_setAsPeripheralModuleFunctionInputPin</name>
         <value>0x418d</value>
         <object_component_ref idref="oc-150"/>
      </symbol>
      <symbol id="sm-2c6">
         <name>SysCtl_getNMISourceStatus</name>
         <value>0x4629</value>
         <object_component_ref idref="oc-28e"/>
      </symbol>
      <symbol id="sm-2c7">
         <name>SysCtl_enableNMISource</name>
         <value>0x45d9</value>
         <object_component_ref idref="oc-2a0"/>
      </symbol>
      <symbol id="sm-2c8">
         <name>SysCtl_disableNMISource</name>
         <value>0x45c9</value>
         <object_component_ref idref="oc-294"/>
      </symbol>
      <symbol id="sm-2eb">
         <name>Timer_A_clearTimer</name>
         <value>0x45e9</value>
         <object_component_ref idref="oc-17e"/>
      </symbol>
      <symbol id="sm-2ec">
         <name>Timer_A_disableInterrupt</name>
         <value>0x45f9</value>
         <object_component_ref idref="oc-be"/>
      </symbol>
      <symbol id="sm-2ed">
         <name>Timer_A_enableInterrupt</name>
         <value>0x4609</value>
         <object_component_ref idref="oc-d6"/>
      </symbol>
      <symbol id="sm-30b">
         <name>UART_enableModule</name>
         <value>0x4635</value>
         <object_component_ref idref="oc-15c"/>
      </symbol>
      <symbol id="sm-30c">
         <name>UART_initModule</name>
         <value>0x3ad9</value>
         <object_component_ref idref="oc-156"/>
      </symbol>
      <symbol id="sm-31e">
         <name>_c_int00</name>
         <value>0x40e5</value>
         <object_component_ref idref="oc-22"/>
      </symbol>
      <symbol id="sm-31f">
         <name>__stack</name>
         <value>0x2000fe00</value>
         <object_component_ref idref="oc-2b"/>
      </symbol>
      <symbol id="sm-336">
         <name>__TI_decompress_none</name>
         <value>0x4619</value>
         <object_component_ref idref="oc-10"/>
      </symbol>
      <symbol id="sm-359">
         <name>__TI_decompress_rle24</name>
         <value>0x4653</value>
         <object_component_ref idref="oc-16"/>
      </symbol>
      <symbol id="sm-37b">
         <name>C$$EXIT</name>
         <value>0x4139</value>
         <object_component_ref idref="oc-69"/>
      </symbol>
      <symbol id="sm-37c">
         <name>abort</name>
         <value>0x413d</value>
         <object_component_ref idref="oc-69"/>
      </symbol>
      <symbol id="sm-37d">
         <name>exit</name>
         <value>0x4145</value>
         <object_component_ref idref="oc-69"/>
      </symbol>
      <symbol id="sm-37e">
         <name>__TI_dtors_ptr</name>
         <value>0x20001860</value>
         <object_component_ref idref="oc-ac"/>
      </symbol>
      <symbol id="sm-37f">
         <name>__TI_cleanup_ptr</name>
         <value>0x2000185c</value>
         <object_component_ref idref="oc-ac"/>
      </symbol>
      <symbol id="sm-380">
         <name>__TI_enable_exit_profile_output</name>
         <value>0x20001864</value>
         <object_component_ref idref="oc-ac"/>
      </symbol>
      <symbol id="sm-39b">
         <name>memcpy</name>
         <value>0x3a3d</value>
         <object_component_ref idref="oc-2c"/>
      </symbol>
      <symbol id="sm-39c">
         <name>__aeabi_memcpy</name>
         <value>0x3a3d</value>
         <object_component_ref idref="oc-2c"/>
      </symbol>
      <symbol id="sm-39d">
         <name>__aeabi_memcpy8</name>
         <value>0x3a3d</value>
         <object_component_ref idref="oc-2c"/>
      </symbol>
      <symbol id="sm-39e">
         <name>__aeabi_memcpy4</name>
         <value>0x3a3d</value>
         <object_component_ref idref="oc-2c"/>
      </symbol>
      <symbol id="sm-3ad">
         <name>__aeabi_memset</name>
         <value>0x3d97</value>
         <object_component_ref idref="oc-45"/>
      </symbol>
      <symbol id="sm-3ae">
         <name>memset</name>
         <value>0x3d9d</value>
         <object_component_ref idref="oc-45"/>
      </symbol>
      <symbol id="sm-3af">
         <name>__aeabi_memset8</name>
         <value>0x3d97</value>
         <object_component_ref idref="oc-45"/>
      </symbol>
      <symbol id="sm-3b0">
         <name>__aeabi_memset4</name>
         <value>0x3d97</value>
         <object_component_ref idref="oc-45"/>
      </symbol>
      <symbol id="sm-3b1">
         <name>__aeabi_memclr8</name>
         <value>0x3d95</value>
         <object_component_ref idref="oc-45"/>
      </symbol>
      <symbol id="sm-3b2">
         <name>__aeabi_memclr4</name>
         <value>0x3d95</value>
         <object_component_ref idref="oc-45"/>
      </symbol>
      <symbol id="sm-3b3">
         <name>__aeabi_memclr</name>
         <value>0x3d95</value>
         <object_component_ref idref="oc-45"/>
      </symbol>
      <symbol id="sm-3bd">
         <name>__mpu_init</name>
         <value>0x25e7</value>
         <object_component_ref idref="oc-51"/>
      </symbol>
      <symbol id="sm-3c7">
         <name>_system_pre_init</name>
         <value>0x4659</value>
         <object_component_ref idref="oc-57"/>
      </symbol>
      <symbol id="sm-3e0">
         <name>sprintf</name>
         <value>0x402d</value>
         <object_component_ref idref="oc-dc"/>
      </symbol>
      <symbol id="sm-402">
         <name>sscanf</name>
         <value>0x38e7</value>
         <object_component_ref idref="oc-190"/>
      </symbol>
      <symbol id="sm-403">
         <name>vsscanf</name>
         <value>0x38d5</value>
         <object_component_ref idref="oc-190"/>
      </symbol>
      <symbol id="sm-40b">
         <name>main_func_sp</name>
         <value>0x20001878</value>
         <object_component_ref idref="oc-6f"/>
      </symbol>
      <symbol id="sm-419">
         <name>strcpy</name>
         <value>0x45a1</value>
         <object_component_ref idref="oc-178"/>
      </symbol>
      <symbol id="sm-427">
         <name>strlen</name>
         <value>0x45b5</value>
         <object_component_ref idref="oc-184"/>
      </symbol>
      <symbol id="sm-43a">
         <name>strstr</name>
         <value>0x4399</value>
         <object_component_ref idref="oc-18a"/>
      </symbol>
      <symbol id="sm-453">
         <name>_nop</name>
         <value>0x4587</value>
         <object_component_ref idref="oc-12c"/>
      </symbol>
      <symbol id="sm-454">
         <name>_lock</name>
         <value>0x20001868</value>
         <object_component_ref idref="oc-af"/>
      </symbol>
      <symbol id="sm-455">
         <name>_unlock</name>
         <value>0x2000186c</value>
         <object_component_ref idref="oc-af"/>
      </symbol>
      <symbol id="sm-456">
         <name>_register_lock</name>
         <value>0x457f</value>
         <object_component_ref idref="oc-12c"/>
      </symbol>
      <symbol id="sm-457">
         <name>_register_unlock</name>
         <value>0x4579</value>
         <object_component_ref idref="oc-12c"/>
      </symbol>
      <symbol id="sm-55e">
         <name>__TI_printfi</name>
         <value>0xf4b</value>
         <object_component_ref idref="oc-1ab"/>
      </symbol>
      <symbol id="sm-5f6">
         <name>__TI_scanfi</name>
         <value>0x2139</value>
         <object_component_ref idref="oc-1f8"/>
      </symbol>
      <symbol id="sm-60a">
         <name>_args_main</name>
         <value>0x44dd</value>
         <object_component_ref idref="oc-63"/>
      </symbol>
      <symbol id="sm-620">
         <name>atoi</name>
         <value>0x4271</value>
         <object_component_ref idref="oc-26f"/>
      </symbol>
      <symbol id="sm-645">
         <name>__TI_auto_init</name>
         <value>0x3e81</value>
         <object_component_ref idref="oc-5d"/>
      </symbol>
      <symbol id="sm-65f">
         <name>copy_in</name>
         <value>0x42bd</value>
         <object_component_ref idref="oc-9c"/>
      </symbol>
      <symbol id="sm-66a">
         <name>_ctypes_</name>
         <value>0x4660</value>
         <object_component_ref idref="oc-1fe"/>
      </symbol>
      <symbol id="sm-681">
         <name>__aeabi_dsub</name>
         <value>0x2f59</value>
         <object_component_ref idref="oc-252"/>
      </symbol>
      <symbol id="sm-682">
         <name>__aeabi_dadd</name>
         <value>0x2f63</value>
         <object_component_ref idref="oc-252"/>
      </symbol>
      <symbol id="sm-6a4">
         <name>__aeabi_cdcmpeq</name>
         <value>0x3c89</value>
         <object_component_ref idref="oc-22e"/>
      </symbol>
      <symbol id="sm-6a5">
         <name>__aeabi_cdcmple</name>
         <value>0x3c89</value>
         <object_component_ref idref="oc-22e"/>
      </symbol>
      <symbol id="sm-6a6">
         <name>__aeabi_cdrcmple</name>
         <value>0x3d0f</value>
         <object_component_ref idref="oc-23d"/>
      </symbol>
      <symbol id="sm-6ba">
         <name>__aeabi_ddiv</name>
         <value>0x327d</value>
         <object_component_ref idref="oc-238"/>
      </symbol>
      <symbol id="sm-6c5">
         <name>__aeabi_dmul</name>
         <value>0x35fd</value>
         <object_component_ref idref="oc-233"/>
      </symbol>
      <symbol id="sm-6cf">
         <name>__aeabi_d2iz</name>
         <value>0x4351</value>
         <object_component_ref idref="oc-242"/>
      </symbol>
      <symbol id="sm-6db">
         <name>__aeabi_d2f</name>
         <value>0x3ef1</value>
         <object_component_ref idref="oc-2c1"/>
      </symbol>
      <symbol id="sm-6e5">
         <name>__aeabi_i2d</name>
         <value>0x43cd</value>
         <object_component_ref idref="oc-24d"/>
      </symbol>
      <symbol id="sm-6f4">
         <name>ltoa</name>
         <value>0x408d</value>
         <object_component_ref idref="oc-247"/>
      </symbol>
      <symbol id="sm-704">
         <name>memccpy</name>
         <value>0x4461</value>
         <object_component_ref idref="oc-269"/>
      </symbol>
      <symbol id="sm-71f">
         <name>frexpl</name>
         <value>0x3fc9</value>
         <object_component_ref idref="oc-257"/>
      </symbol>
      <symbol id="sm-720">
         <name>frexp</name>
         <value>0x3fc9</value>
         <object_component_ref idref="oc-257"/>
      </symbol>
      <symbol id="sm-73d">
         <name>scalbn</name>
         <value>0x36f9</value>
         <object_component_ref idref="oc-25d"/>
      </symbol>
      <symbol id="sm-73e">
         <name>scalbnl</name>
         <value>0x36f9</value>
         <object_component_ref idref="oc-25d"/>
      </symbol>
      <symbol id="sm-73f">
         <name>ldexpl</name>
         <value>0x36f9</value>
         <object_component_ref idref="oc-25d"/>
      </symbol>
      <symbol id="sm-740">
         <name>ldexp</name>
         <value>0x36f9</value>
         <object_component_ref idref="oc-25d"/>
      </symbol>
      <symbol id="sm-74a">
         <name>_system_post_cinit</name>
         <value>0x310f</value>
         <object_component_ref idref="oc-a2"/>
      </symbol>
      <symbol id="sm-75a">
         <name>strchr</name>
         <value>0x4525</value>
         <object_component_ref idref="oc-263"/>
      </symbol>
      <symbol id="sm-769">
         <name>strrchr</name>
         <value>0x450d</value>
         <object_component_ref idref="oc-2d3"/>
      </symbol>
      <symbol id="sm-7a6">
         <name>strtold</name>
         <value>0x2945</value>
         <object_component_ref idref="oc-2bb"/>
      </symbol>
      <symbol id="sm-7a7">
         <name>strtod</name>
         <value>0x2945</value>
         <object_component_ref idref="oc-2bb"/>
      </symbol>
      <symbol id="sm-7cc">
         <name>strtol</name>
         <value>0x33b5</value>
         <object_component_ref idref="oc-2c6"/>
      </symbol>
      <symbol id="sm-7f5">
         <name>strtoll</name>
         <value>0x2d75</value>
         <object_component_ref idref="oc-2cc"/>
      </symbol>
      <symbol id="sm-816">
         <name>strtoul</name>
         <value>0x34e9</value>
         <object_component_ref idref="oc-2af"/>
      </symbol>
      <symbol id="sm-83c">
         <name>strtoull</name>
         <value>0x3111</value>
         <object_component_ref idref="oc-2b5"/>
      </symbol>
      <symbol id="sm-858">
         <name>__aeabi_uldivmod</name>
         <value>0x2b81</value>
         <object_component_ref idref="oc-229"/>
      </symbol>
      <symbol id="sm-860">
         <name>errno</name>
         <value>0x20001874</value>
         <object_component_ref idref="oc-306"/>
      </symbol>
      <symbol id="sm-869">
         <name>__aeabi_lmul</name>
         <value>0x44f5</value>
         <object_component_ref idref="oc-31f"/>
      </symbol>
      <symbol id="sm-873">
         <name>copysign</name>
         <value>0x458d</value>
         <object_component_ref idref="oc-300"/>
      </symbol>
      <symbol id="sm-874">
         <name>copysignl</name>
         <value>0x458d</value>
         <object_component_ref idref="oc-300"/>
      </symbol>
      <symbol id="sm-875">
         <name>__TI_static_base__</name>
         <value>0x0</value>
      </symbol>
      <symbol id="sm-878">
         <name>SHT$$INIT_ARRAY$$Limit</name>
         <value>0x0</value>
      </symbol>
      <symbol id="sm-879">
         <name>SHT$$INIT_ARRAY$$Base</name>
         <value>0x0</value>
      </symbol>
   </symbol_table>
   <title>Link successful</title>
</link_info>
