******************************************************************************
                  TI ARM Linker PC v15.12.0                    
******************************************************************************
>> Linked Mon Apr 18 00:11:00 2016

OUTPUT FILE NAME:   <Project 2.out>
ENTRY POINT SYMBOL: "_c_int00"  address: 00007241


MEMORY CONFIGURATION

         name            origin    length      used     unused   attr    fill
----------------------  --------  ---------  --------  --------  ----  --------
  MAIN                  00000000   00040000  0000887a  00037786  R  X
  INFO                  00200000   00004000  00000000  00004000  R  X
  SRAM_CODE             01000000   00010000  00000000  00010000  RW X
  SRAM_DATA             20000000   00010000  0000352d  0000cad3  RW  


SEGMENT ALLOCATION MAP

run origin  load origin   length   init length attrs members
----------  ----------- ---------- ----------- ----- -------
00000000    00000000    00008884   00008884    r-x
  00000000    00000000    00000140   00000140    r-- .intvecs
  00000140    00000140    00007734   00007734    r-x .text
  00007878    00007878    00000e9a   00000e9a    r-- .const
  00008718    00008718    0000016c   0000016c    r-- .cinit
20000000    20000000    00003330   00000000    rw-
  20000000    20000000    000031b5   00000000    rw- .bss
  200031b8    200031b8    00000178   00000000    rw- .data
2000fe00    2000fe00    00000200   00000000    rw-
  2000fe00    2000fe00    00000200   00000000    rw- .stack


SECTION ALLOCATION MAP

 output                                  attributes/
section   page    origin      length       input sections
--------  ----  ----------  ----------   ----------------
.intvecs   0    00000000    00000140     
                  00000000    00000140     msp432_startup_ccs.obj (.intvecs:retain)

.text      0    00000140    00007734     
                  00000140    00001650     support.obj (.text)
                  00001790    000012bc     main_Client.obj (.text)
                  00002a4c    00001110     rtsv7M4_T_le_v4SPD16_eabi.lib : _printfi.obj (.text)
                  00003b5c    00000e80     ST7735.obj (.text)
                  000049dc    0000092a     rtsv7M4_T_le_v4SPD16_eabi.lib : _scanfi.obj (.text)
                  00005306    00000002                                   : mpu_init.obj (.text)
                  00005308    000003ec     Light.obj (.text)
                  000056f4    00000330     ClockSystem.obj (.text)
                  00005a24    0000023c     rtsv7M4_T_le_v4SPD16_eabi.lib : strtod.obj (.text)
                  00005c60    000001f4                                   : ull_div_t2.obj (.text)
                  00005e54    000001e4                                   : strtoll.obj (.text)
                  00006038    000001b6                                   : fd_add_t2.obj (.text)
                  000061ee    00000002                                   : startup.obj (.text)
                  000061f0    0000016c                                   : strtoull.obj (.text)
                  0000635c    00000136                                   : fd_div_t2.obj (.text)
                  00006492    00000002     --HOLE-- [fill = 0]
                  00006494    00000134                                   : strtol.obj (.text)
                  000065c8    00000114                                   : strtoul.obj (.text)
                  000066dc    000000fc                                   : fd_mul_t2.obj (.text)
                  000067d8    000000fc                                   : s_scalbn.obj (.text)
                  000068d4    000000e0     msp432p4xx_driverlib.lib : cs.o (.text:CS_initClockSignal)
                  000069b4    000000cc     rtsv7M4_T_le_v4SPD16_eabi.lib : sscanf.obj (.text)
                  00006a80    0000009c     msp432p4xx_driverlib.lib : cs.o (.text:_CSComputeCLKFrequency)
                  00006b1c    0000009c     rtsv7M4_T_le_v4SPD16_eabi.lib : memcpy_t2.obj (.text)
                  00006bb8    00000094     msp432p4xx_driverlib.lib : uart.o (.text:UART_initModule)
                  00006c4c    00000090                              : cs.o (.text:CS_startHFXTWithTimeout)
                  00006cdc    0000008c                              : cs.o (.text:CS_getDCOFrequency)
                  00006d68    00000086     rtsv7M4_T_le_v4SPD16_eabi.lib : fd_cmp_t2.obj (.text:__aeabi_cdcmple)
                  00006dee    00000086                                   : fd_cmp_t2.obj (.text:__aeabi_cdrcmple)
                  00006e74    0000007c     msp432p4xx_driverlib.lib : spi.o (.text:SPI_initMaster)
                  00006ef0    0000007a     rtsv7M4_T_le_v4SPD16_eabi.lib : memset_t2.obj (.text)
                  00006f6a    00000002     --HOLE-- [fill = 0]
                  00006f6c    00000070     msp432p4xx_driverlib.lib : cs.o (.text:_CSGetHFXTFrequency)
                  00006fdc    00000070     rtsv7M4_T_le_v4SPD16_eabi.lib : autoinit.obj (.text)
                  0000704c    0000006e                                   : fd_tos_t2.obj (.text)
                  000070ba    0000006a                                   : copy_decompress_rle.obj (.text)
                  00007124    00000064                                   : s_frexp.obj (.text)
                  00007188    00000060                                   : sprintf.obj (.text)
                  000071e8    00000056                                   : ltoa.obj (.text)
                  0000723e    00000002     --HOLE-- [fill = 0]
                  00007240    00000054                                   : boot.obj (.text)
                  00007294    00000054                                   : exit.obj (.text)
                  000072e8    0000004c     msp432p4xx_driverlib.lib : gpio.o (.text:GPIO_setAsPeripheralModuleFunctionInputPin)
                  00007334    0000004c                              : gpio.o (.text:GPIO_setAsPeripheralModuleFunctionOutputPin)
                  00007380    0000004c                              : cs.o (.text:_CSGetDOCFrequency)
                  000073cc    0000004c     rtsv7M4_T_le_v4SPD16_eabi.lib : atoi.obj (.text)
                  00007418    0000004c                                   : cpy_tbl.obj (.text)
                  00007464    00000048     msp432p4xx_driverlib.lib : cs.o (.text:_CSGetDividerValue)
                  000074ac    00000048     rtsv7M4_T_le_v4SPD16_eabi.lib : fd_toi_t2.obj (.text)
                  000074f4    00000034                                   : strstr.obj (.text)
                  00007528    00000030     msp432p4xx_driverlib.lib : spi.o (.text:is_A_Module)
                  00007558    0000002e     rtsv7M4_T_le_v4SPD16_eabi.lib : i_tofd_t2.obj (.text)
                  00007586    00000002     --HOLE-- [fill = 0]
                  00007588    00000024     msp432p4xx_driverlib.lib : cs.o (.text:CS_clearInterruptFlag)
                  000075ac    00000024                              : gpio.o (.text:GPIO_setAsOutputPin)
                  000075d0    0000001c                              : cs.o (.text:CS_setReferenceOscillatorFrequency)
                  000075ec    0000001c     rtsv7M4_T_le_v4SPD16_eabi.lib : memccpy.obj (.text)
                  00007608    0000001a     msp432p4xx_driverlib.lib : spi.o (.text:SPI_enableModule)
                  00007622    00000002     --HOLE-- [fill = 0]
                  00007624    00000018                              : cs.o (.text:CS_getACLK)
                  0000763c    00000018                              : cs.o (.text:CS_getMCLK)
                  00007654    00000018                              : cs.o (.text:CS_getSMCLK)
                  0000766c    00000018                              : gpio.o (.text:GPIO_setOutputLowOnPin)
                  00007684    00000018     rtsv7M4_T_le_v4SPD16_eabi.lib : args_main.obj (.text)
                  0000769c    00000018                                   : ll_mul_t2.obj (.text)
                  000076b4    00000018                                   : strrchr.obj (.text)
                  000076cc    00000016                                   : strchr.obj (.text)
                  000076e2    00000002     --HOLE-- [fill = 0]
                  000076e4    00000014     msp432p4xx_driverlib.lib : cs.o (.text:CS_setExternalClockSourceFrequency)
                  000076f8    00000014                              : gpio.o (.text:GPIO_toggleOutputOnPin)
                  0000770c    00000014                              : systick.o (.text:SysTick_enableInterrupt)
                  00007720    00000014                              : systick.o (.text:SysTick_enableModule)
                  00007734    00000014     rtsv7M4_T_le_v4SPD16_eabi.lib : _lock.obj (.text)
                  00007748    00000014                                   : s_copysign.obj (.text)
                  0000775c    00000014                                   : strcpy.obj (.text)
                  00007770    00000014                                   : strlen.obj (.text)
                  00007784    00000010     msp432p4xx_driverlib.lib : interrupt.o (.text:Interrupt_disableMaster)
                  00007794    00000010                              : interrupt.o (.text:Interrupt_enableMaster)
                  000077a4    00000010                              : sysctl.o (.text:SysCtl_disableNMISource)
                  000077b4    00000010                              : sysctl.o (.text:SysCtl_enableNMISource)
                  000077c4    00000010                              : timer_a.o (.text:Timer_A_clearTimer)
                  000077d4    00000010                              : timer_a.o (.text:Timer_A_disableInterrupt)
                  000077e4    00000010                              : timer_a.o (.text:Timer_A_enableInterrupt)
                  000077f4    0000000e     rtsv7M4_T_le_v4SPD16_eabi.lib : copy_decompress_none.obj (.text:decompress:none)
                  00007802    0000000c     msp432p4xx_driverlib.lib : cpu.o (.text:CPU_cpsid)
                  0000780e    0000000c                              : cpu.o (.text:CPU_cpsie)
                  0000781a    0000000c                              : spi.o (.text:EUSCI_A_SPI_enable)
                  00007826    0000000c                              : spi.o (.text:EUSCI_B_SPI_enable)
                  00007832    00000002     --HOLE-- [fill = 0]
                  00007834    0000000c                              : sysctl.o (.text:SysCtl_getNMISourceStatus)
                  00007840    0000000c                              : systick.o (.text:SysTick_setPeriod)
                  0000784c    0000000c                              : uart.o (.text:UART_enableModule)
                  00007858    0000000c     msp432_startup_ccs.obj (.text)
                  00007864    00000006     msp432p4xx_driverlib.lib : cs.o (.text:CS_startHFXT)
                  0000786a    00000006     rtsv7M4_T_le_v4SPD16_eabi.lib : copy_decompress_rle.obj (.text:decompress:rle24)
                  00007870    00000004                                   : pre_init.obj (.text)

.const     0    00007878    00000e9a     
                  00007878    000004fb     ST7735.obj (.const:.string:Font)
                  00007d73    00000371     support.obj (.const:.string:httpStript2)
                  000080e4    0000030a     support.obj (.const:.string:httpStript1)
                  000083ee    00000101     rtsv7M4_T_le_v4SPD16_eabi.lib : ctype.obj (.const:.string:_ctypes_)
                  000084ef    00000001     --HOLE-- [fill = 0]
                  000084f0    00000098                                   : strtod.obj (.const:$O1$$)
                  00008588    00000067     ST7735.obj (.const:.string:Bcmd)
                  000085ef    0000003b     ST7735.obj (.const:.string:Rcmd1)
                  0000862a    00000002     --HOLE-- [fill = 0]
                  0000862c    00000030     msp432p4xx_driverlib.lib : gpio.o (.const:GPIO_PORT_TO_BASE)
                  0000865c    0000002b     ST7735.obj (.const:.string:Rcmd3)
                  00008687    00000001     --HOLE-- [fill = 0]
                  00008688    00000024     support.obj (.const:uartConfig)
                  000086ac    0000001c     Light.obj (.const:LIGHTspiConfig)
                  000086c8    00000010     rtsv7M4_T_le_v4SPD16_eabi.lib : _scanfi.obj (.const:$O1$$)
                  000086d8    00000010     support.obj (.const:continuousModeConfig)
                  000086e8    00000010     support.obj (.const:continuousModeConfigB)
                  000086f8    0000000d     ST7735.obj (.const:.string:Rcmd2green)
                  00008705    0000000d     ST7735.obj (.const:.string:Rcmd2red)

.cinit     0    00008718    0000016c     
                  00008718    00000143     (.cinit..data.load) [load image, compression = rle]
                  0000885b    00000005     --HOLE-- [fill = 0]
                  00008860    0000000b     (.cinit..bss.load) [load image, compression = rle]
                  0000886b    00000001     --HOLE-- [fill = 0]
                  0000886c    00000008     (__TI_handler_table)
                  00008874    00000010     (__TI_cinit_table)

.init_array 
*          0    00000000    00000000     UNINITIALIZED

.bss       0    20000000    000031b5     UNINITIALIZED
                  20000000    00002710     (.common:ESPbuffer)
                  20002710    000007d0     (.common:DataOUT)
                  20002ee0    000000f0     (.common:Weather)
                  20002fd0    000000c8     (.common:strToFind)
                  20003098    0000002c     (.common:CurrentWeather)
                  200030c4    00000028     (.common:spaces)
                  200030ec    0000001c     (.common:TimeDate)
                  20003108    0000001c     (.common:leds)
                  20003124    0000001c     (.common:newTime)
                  20003140    00000008     main_Client.obj (.bss)
                  20003148    00000004     ST7735.obj (.bss)
                  2000314c    00000004     (.common:ACLKfreq)
                  20003150    00000004     (.common:BallBlink)
                  20003154    00000004     (.common:BallBlinkMASTER)
                  20003158    00000004     (.common:BallColor)
                  2000315c    00000004     (.common:BallColorMASTER)
                  20003160    00000004     (.common:ColonBlink)
                  20003164    00000004     (.common:Five_Day)
                  20003168    00000004     (.common:HTML_LightUpdate)
                  2000316c    00000004     (.common:IPDChannel)
                  20003170    00000004     (.common:LightTimer)
                  20003174    00000004     (.common:LightUpdate)
                  20003178    00000004     (.common:MCLKfreq)
                  2000317c    00000004     (.common:NewData)
                  20003180    00000004     (.common:One_Day)
                  20003184    00000004     (.common:RTC_tick)
                  20003188    00000004     (.common:Refresh)
                  2000318c    00000004     (.common:SMfreq)
                  20003190    00000004     (.common:ScrollingTick)
                  20003194    00000004     (.common:TimeOutTripped)
                  20003198    00000004     (.common:Two_Day)
                  2000319c    00000004     (.common:WeatherUpdate)
                  200031a0    00000004     (.common:bufIDx)
                  200031a4    00000004     (.common:hfxtFreq)
                  200031a8    00000004     (.common:lfxtFreq)
                  200031ac    00000004     (.common:ms10Timer)
                  200031b0    00000002     (.common:U0RXData)
                  200031b2    00000002     (.common:U2RXData)
                  200031b4    00000001     (.common:ms_timeout)

.data      0    200031b8    00000178     UNINITIALIZED
                  200031b8    00000091     support.obj (.data:weatherString)
                  20003249    0000008f     support.obj (.data:forecastString)
                  200032d8    00000014     ClockSystem.obj (.data)
                  200032ec    00000014     ST7735.obj (.data)
                  20003300    0000000c     rtsv7M4_T_le_v4SPD16_eabi.lib : exit.obj (.data:$O1$$)
                  2000330c    0000000c     Light.obj (.data)
                  20003318    00000008     rtsv7M4_T_le_v4SPD16_eabi.lib : _lock.obj (.data:$O1$$)
                  20003320    00000008     main_Client.obj (.data)
                  20003328    00000004     rtsv7M4_T_le_v4SPD16_eabi.lib : errno.obj (.data)
                  2000332c    00000004                                   : stkdepth_vars.obj (.data)

.stack     0    2000fe00    00000200     UNINITIALIZED
                  2000fe00    00000200     --HOLE--

MODULE SUMMARY

       Module                     code    ro data   rw data
       ------                     ----    -------   -------
    .\
       main_Client.obj            4796    0         12721  
       support.obj                5712    1727      288    
       ST7735.obj                 3712    1506      24     
       Light.obj                  1004    28        12     
       ClockSystem.obj            816     0         20     
       msp432_startup_ccs.obj     12      320       0      
    +--+--------------------------+-------+---------+---------+
       Total:                     16052   3581      13065  
                                                           
    ../msp432p4xx_driverlib.lib
       cs.o                       1086    0         8      
       gpio.o                     232     48        0      
       spi.o                      222     0         0      
       uart.o                     160     0         0      
       systick.o                  52      0         0      
       timer_a.o                  48      0         0      
       sysctl.o                   44      0         0      
       interrupt.o                32      0         0      
       cpu.o                      24      0         0      
    +--+--------------------------+-------+---------+---------+
       Total:                     1900    48        8      
                                                           
    C:\ti\ccsv6\tools\compiler\ti-cgt-arm_15.12.0.LTS\lib\rtsv7M4_T_le_v4SPD16_eabi.lib
       _printfi.obj               4368    0         0      
       _scanfi.obj                2346    16        0      
       strtod.obj                 572     152       0      
       ull_div_t2.obj             500     0         0      
       strtoll.obj                484     0         0      
       fd_add_t2.obj              438     0         0      
       strtoull.obj               364     0         0      
       fd_div_t2.obj              310     0         0      
       strtol.obj                 308     0         0      
       strtoul.obj                276     0         0      
       fd_cmp_t2.obj              268     0         0      
       ctype.obj                  0       257       0      
       fd_mul_t2.obj              252     0         0      
       s_scalbn.obj               252     0         0      
       sscanf.obj                 204     0         0      
       memcpy_t2.obj              156     0         0      
       memset_t2.obj              122     0         0      
       autoinit.obj               112     0         0      
       copy_decompress_rle.obj    112     0         0      
       fd_tos_t2.obj              110     0         0      
       s_frexp.obj                100     0         0      
       exit.obj                   84      0         12     
       sprintf.obj                96      0         0      
       ltoa.obj                   86      0         0      
       boot.obj                   84      0         0      
       atoi.obj                   76      0         0      
       cpy_tbl.obj                76      0         0      
       fd_toi_t2.obj              72      0         0      
       strstr.obj                 52      0         0      
       i_tofd_t2.obj              46      0         0      
       _lock.obj                  20      0         8      
       memccpy.obj                28      0         0      
       args_main.obj              24      0         0      
       ll_mul_t2.obj              24      0         0      
       strrchr.obj                24      0         0      
       strchr.obj                 22      0         0      
       s_copysign.obj             20      0         0      
       strcpy.obj                 20      0         0      
       strlen.obj                 20      0         0      
       copy_decompress_none.obj   14      0         0      
       errno.obj                  0       0         4      
       pre_init.obj               4       0         0      
       stkdepth_vars.obj          0       0         4      
       mpu_init.obj               2       0         0      
       startup.obj                2       0         0      
    +--+--------------------------+-------+---------+---------+
       Total:                     12550   425       28     
                                                           
       Stack:                     0       0         512    
       Linker Generated:          0       358       0      
    +--+--------------------------+-------+---------+---------+
       Grand Total:               30502   4412      13613  


LINKER GENERATED COPY TABLES

__TI_cinit_table @ 00008874 records: 2, size/record: 8, table size: 16
	.data: load addr=00008718, load size=00000143 bytes, run addr=200031b8, run size=00000178 bytes, compression=rle
	.bss: load addr=00008860, load size=0000000b bytes, run addr=20000000, run size=000031b5 bytes, compression=rle


LINKER GENERATED HANDLER TABLE

__TI_handler_table @ 0000886c records: 2, size/record: 4, table size: 8
	index: 0, handler: __TI_decompress_rle24
	index: 1, handler: __TI_decompress_none


GLOBAL SYMBOLS: SORTED ALPHABETICALLY BY Name 

address   name                                       
-------   ----                                       
2000314c  ACLKfreq                                   
20003150  BallBlink                                  
20003154  BallBlinkMASTER                            
20003158  BallColor                                  
00001461  BallColorDecision                          
2000315c  BallColorMASTER                            
200032f8  BgColor                                    
00007295  C$$EXIT                                    
200032dc  CPMwait                                    
00007803  CPU_cpsid                                  
0000780f  CPU_cpsie                                  
00007589  CS_clearInterruptFlag                      
00007625  CS_getACLK                                 
00006cdd  CS_getDCOFrequency                         
0000763d  CS_getMCLK                                 
00007655  CS_getSMCLK                                
000068d5  CS_initClockSignal                         
000076e5  CS_setExternalClockSourceFrequency         
000075d1  CS_setReferenceOscillatorFrequency         
00007865  CS_startHFXT                               
00006c4d  CS_startHFXTWithTimeout                    
000056f5  Clock_Init                                 
0000582f  Clock_Init32kHz                            
0000573f  Clock_Init48MHz                            
00005921  Clock_InitLowPower                         
20003160  ColonBlink                                 
200032e8  Crystalstable                              
20003098  CurrentWeather                             
20002710  DataOUT                                    
00003bf3  Delay1ms                                   
00003c11  DelayWait10ms                              
000003e9  DisplayInit                                
000010d7  ESP8266_Receive                            
0000109d  ESP8266_Send                               
20000000  ESPbuffer                                  
0000781b  EUSCI_A_SPI_enable                         
00007827  EUSCI_B_SPI_enable                         
20003164  Five_Day                                   
000075ad  GPIO_setAsOutputPin                        
000072e9  GPIO_setAsPeripheralModuleFunctionInputPin 
00007335  GPIO_setAsPeripheralModuleFunctionOutputPin
0000766d  GPIO_setOutputLowOnPin                     
000076f9  GPIO_toggleOutputOnPin                     
000011f5  GetWUNDERdata                              
00001115  GetandSetTime                              
20003168  HTML_LightUpdate                           
200032e4  IFlags                                     
2000316c  IPDChannel                                 
00000227  InitFunction_Client                        
00000141  InitFunction_Server                        
00005501  InitLight                                  
00007785  Interrupt_disableMaster                    
00007795  Interrupt_enableMaster                     
000086ac  LIGHTspiConfig                             
00001521  LaunchWebsite                              
20003170  LightTimer                                 
20003174  LightUpdate                                
20003178  MCLKfreq                                   
2000317c  NewData                                    
000015f1  NextDateString                             
20003180  One_Day                                    
00004973  Output_Clear                               
0000498d  Output_Color                               
00004963  Output_Init                                
0000497d  Output_Off                                 
00004985  Output_On                                  
00000769  ParseNIST_Data                             
00000a8d  ParseWUNDER_Data                           
200032e0  Postwait                                   
200032d8  Prewait                                    
000004e9  PutInClientMode                            
00000419  PutInServerMode                            
20003184  RTC_tick                                   
20003188  Refresh                                    
UNDEFED   SHT$$INIT_ARRAY$$Base                      
UNDEFED   SHT$$INIT_ARRAY$$Limit                     
2000318c  SMfreq                                     
00007609  SPI_enableModule                           
00006e75  SPI_initMaster                             
0000405d  ST7735_Color565                            
000040e1  ST7735_DrawBitmap                          
00004455  ST7735_DrawChar                            
000042e9  ST7735_DrawCharS                           
00003ebd  ST7735_DrawPixel                           
000045cd  ST7735_DrawString                          
00004651  ST7735_DrawStringHorizontal                
000046c7  ST7735_DrawStringVertical                  
00003f4d  ST7735_FillRect                            
00003f17  ST7735_FillScreen                          
00003d89  ST7735_InitB                               
00003da9  ST7735_InitR                               
00004821  ST7735_InvertDisplay                       
00004839  ST7735_OutChar                             
00004905  ST7735_OutString                           
00004731  ST7735_SetCursor                           
00004757  ST7735_SetRotation                         
00004923  ST7735_SetTextColor                        
00004099  ST7735_SwapColor                           
20003190  ScrollingTick                              
000055c5  SpinningColor                              
200032f4  StTextColor                                
200032ec  StX                                        
200032f0  StY                                        
000077a5  SysCtl_disableNMISource                    
000077b5  SysCtl_enableNMISource                     
00007835  SysCtl_getNMISourceStatus                  
00002979  SysTick_ISR                                
0000770d  SysTick_enableInterrupt                    
00007721  SysTick_enableModule                       
00007841  SysTick_setPeriod                          
200032f6  TextColor                                  
200032fa  TextSize                                   
200030ec  TimeDate                                   
20003194  TimeOutTripped                             
000077c5  Timer_A_clearTimer                         
000077d5  Timer_A_disableInterrupt                   
000077e5  Timer_A_enableInterrupt                    
20003198  Two_Day                                    
200031b0  U0RXData                                   
200031b2  U2RXData                                   
0000784d  UART_enableModule                          
00006bb9  UART_initModule                            
4000480c  WDTCTL_SYM                                 
000005f1  WaitForResponse_String                     
20002ee0  Weather                                    
2000319c  WeatherUpdate                              
20010000  __STACK_END                                
00000200  __STACK_SIZE                               
00008874  __TI_CINIT_Base                            
00008884  __TI_CINIT_Limit                           
0000886c  __TI_Handler_Table_Base                    
00008874  __TI_Handler_Table_Limit                   
00006fdd  __TI_auto_init                             
20003300  __TI_cleanup_ptr                           
000077f5  __TI_decompress_none                       
0000786b  __TI_decompress_rle24                      
20003304  __TI_dtors_ptr                             
20003308  __TI_enable_exit_profile_output            
ffffffff  __TI_pprof_out_hndl                        
00003857  __TI_printfi                               
ffffffff  __TI_prof_data_size                        
ffffffff  __TI_prof_data_start                       
00004e59  __TI_scanfi                                
00000000  __TI_static_base__                         
00006d69  __aeabi_cdcmpeq                            
00006d69  __aeabi_cdcmple                            
00006def  __aeabi_cdrcmple                           
0000704d  __aeabi_d2f                                
000074ad  __aeabi_d2iz                               
00006043  __aeabi_dadd                               
0000635d  __aeabi_ddiv                               
000066dd  __aeabi_dmul                               
00006039  __aeabi_dsub                               
00007559  __aeabi_i2d                                
0000769d  __aeabi_lmul                               
00006ef1  __aeabi_memclr                             
00006ef1  __aeabi_memclr4                            
00006ef1  __aeabi_memclr8                            
00006b1d  __aeabi_memcpy                             
00006b1d  __aeabi_memcpy4                            
00006b1d  __aeabi_memcpy8                            
00006ef3  __aeabi_memset                             
00006ef3  __aeabi_memset4                            
00006ef3  __aeabi_memset8                            
00005c61  __aeabi_uldivmod                           
ffffffff  __binit__                                  
ffffffff  __c_args__                                 
00005307  __mpu_init                                 
2000fe00  __stack                                    
00007685  _args_main                                 
00007241  _c_int00                                   
000083ee  _ctypes_                                   
20003318  _lock                                      
00007743  _nop                                       
0000773b  _register_lock                             
00007735  _register_unlock                           
000061ef  _system_post_cinit                         
00007871  _system_pre_init                           
2000331c  _unlock                                    
00007299  abort                                      
000073cd  atoi                                       
ffffffff  binit                                      
200031a0  bufIDx                                     
00005465  clearStrip                                 
000086d8  continuousModeConfig                       
000086e8  continuousModeConfigB                      
00007419  copy_in                                    
00007749  copysign                                   
00007749  copysignl                                  
20003328  errno                                      
000027cd  euscia0_isr                                
00002829  euscia2_isr                                
000072a1  exit                                       
00004955  ferror                                     
00004949  fgetc                                      
00005475  fillStrip                                  
20003249  forecastString                             
00004937  fputc                                      
00007125  frexp                                      
00007125  frexpl                                     
000013ad  getDataBetweenQuotationMarks               
0000555d  gradualFill                                
000080e4  httpStript1                                
00007d73  httpStript2                                
00005327  initStrip                                  
00000000  interruptVectors                           
000067d9  ldexp                                      
000067d9  ldexpl                                     
20003108  leds                                       
000071e9  ltoa                                       
00001791  main                                       
2000332c  main_func_sp                               
000075ed  memccpy                                    
00006b1d  memcpy                                     
00006ef9  memset                                     
200031ac  ms10Timer                                  
000054bb  msDelay                                    
200031b4  ms_timeout                                 
00000ffb  my_puts                                    
20003124  newTime                                    
00003be5  parrotdelay                                
000028d9  rtc_isr                                    
000067d9  scalbn                                     
000067d9  scalbnl                                    
0000536b  setLEDColor                                
000053ad  showStrip                                  
200030c4  spaces                                     
00005309  spi_Open                                   
00007189  sprintf                                    
000069c7  sscanf                                     
20002fd0  strToFind                                  
000076cd  strchr                                     
0000775d  strcpy                                     
00007771  strlen                                     
000076b5  strrchr                                    
000074f5  strstr                                     
00005a25  strtod                                     
00006495  strtol                                     
00005a25  strtold                                    
00005e55  strtoll                                    
000065c9  strtoul                                    
000061f1  strtoull                                   
0000289f  timer0_a0_isr                              
000028bd  timer0_a1_isr                              
00008688  uartConfig                                 
000069b5  vsscanf                                    
200031b8  weatherString                              


GLOBAL SYMBOLS: SORTED BY Symbol Address 

address   name                                       
-------   ----                                       
00000000  __TI_static_base__                         
00000000  interruptVectors                           
00000141  InitFunction_Server                        
00000200  __STACK_SIZE                               
00000227  InitFunction_Client                        
000003e9  DisplayInit                                
00000419  PutInServerMode                            
000004e9  PutInClientMode                            
000005f1  WaitForResponse_String                     
00000769  ParseNIST_Data                             
00000a8d  ParseWUNDER_Data                           
00000ffb  my_puts                                    
0000109d  ESP8266_Send                               
000010d7  ESP8266_Receive                            
00001115  GetandSetTime                              
000011f5  GetWUNDERdata                              
000013ad  getDataBetweenQuotationMarks               
00001461  BallColorDecision                          
00001521  LaunchWebsite                              
000015f1  NextDateString                             
00001791  main                                       
000027cd  euscia0_isr                                
00002829  euscia2_isr                                
0000289f  timer0_a0_isr                              
000028bd  timer0_a1_isr                              
000028d9  rtc_isr                                    
00002979  SysTick_ISR                                
00003857  __TI_printfi                               
00003be5  parrotdelay                                
00003bf3  Delay1ms                                   
00003c11  DelayWait10ms                              
00003d89  ST7735_InitB                               
00003da9  ST7735_InitR                               
00003ebd  ST7735_DrawPixel                           
00003f17  ST7735_FillScreen                          
00003f4d  ST7735_FillRect                            
0000405d  ST7735_Color565                            
00004099  ST7735_SwapColor                           
000040e1  ST7735_DrawBitmap                          
000042e9  ST7735_DrawCharS                           
00004455  ST7735_DrawChar                            
000045cd  ST7735_DrawString                          
00004651  ST7735_DrawStringHorizontal                
000046c7  ST7735_DrawStringVertical                  
00004731  ST7735_SetCursor                           
00004757  ST7735_SetRotation                         
00004821  ST7735_InvertDisplay                       
00004839  ST7735_OutChar                             
00004905  ST7735_OutString                           
00004923  ST7735_SetTextColor                        
00004937  fputc                                      
00004949  fgetc                                      
00004955  ferror                                     
00004963  Output_Init                                
00004973  Output_Clear                               
0000497d  Output_Off                                 
00004985  Output_On                                  
0000498d  Output_Color                               
00004e59  __TI_scanfi                                
00005307  __mpu_init                                 
00005309  spi_Open                                   
00005327  initStrip                                  
0000536b  setLEDColor                                
000053ad  showStrip                                  
00005465  clearStrip                                 
00005475  fillStrip                                  
000054bb  msDelay                                    
00005501  InitLight                                  
0000555d  gradualFill                                
000055c5  SpinningColor                              
000056f5  Clock_Init                                 
0000573f  Clock_Init48MHz                            
0000582f  Clock_Init32kHz                            
00005921  Clock_InitLowPower                         
00005a25  strtod                                     
00005a25  strtold                                    
00005c61  __aeabi_uldivmod                           
00005e55  strtoll                                    
00006039  __aeabi_dsub                               
00006043  __aeabi_dadd                               
000061ef  _system_post_cinit                         
000061f1  strtoull                                   
0000635d  __aeabi_ddiv                               
00006495  strtol                                     
000065c9  strtoul                                    
000066dd  __aeabi_dmul                               
000067d9  ldexp                                      
000067d9  ldexpl                                     
000067d9  scalbn                                     
000067d9  scalbnl                                    
000068d5  CS_initClockSignal                         
000069b5  vsscanf                                    
000069c7  sscanf                                     
00006b1d  __aeabi_memcpy                             
00006b1d  __aeabi_memcpy4                            
00006b1d  __aeabi_memcpy8                            
00006b1d  memcpy                                     
00006bb9  UART_initModule                            
00006c4d  CS_startHFXTWithTimeout                    
00006cdd  CS_getDCOFrequency                         
00006d69  __aeabi_cdcmpeq                            
00006d69  __aeabi_cdcmple                            
00006def  __aeabi_cdrcmple                           
00006e75  SPI_initMaster                             
00006ef1  __aeabi_memclr                             
00006ef1  __aeabi_memclr4                            
00006ef1  __aeabi_memclr8                            
00006ef3  __aeabi_memset                             
00006ef3  __aeabi_memset4                            
00006ef3  __aeabi_memset8                            
00006ef9  memset                                     
00006fdd  __TI_auto_init                             
0000704d  __aeabi_d2f                                
00007125  frexp                                      
00007125  frexpl                                     
00007189  sprintf                                    
000071e9  ltoa                                       
00007241  _c_int00                                   
00007295  C$$EXIT                                    
00007299  abort                                      
000072a1  exit                                       
000072e9  GPIO_setAsPeripheralModuleFunctionInputPin 
00007335  GPIO_setAsPeripheralModuleFunctionOutputPin
000073cd  atoi                                       
00007419  copy_in                                    
000074ad  __aeabi_d2iz                               
000074f5  strstr                                     
00007559  __aeabi_i2d                                
00007589  CS_clearInterruptFlag                      
000075ad  GPIO_setAsOutputPin                        
000075d1  CS_setReferenceOscillatorFrequency         
000075ed  memccpy                                    
00007609  SPI_enableModule                           
00007625  CS_getACLK                                 
0000763d  CS_getMCLK                                 
00007655  CS_getSMCLK                                
0000766d  GPIO_setOutputLowOnPin                     
00007685  _args_main                                 
0000769d  __aeabi_lmul                               
000076b5  strrchr                                    
000076cd  strchr                                     
000076e5  CS_setExternalClockSourceFrequency         
000076f9  GPIO_toggleOutputOnPin                     
0000770d  SysTick_enableInterrupt                    
00007721  SysTick_enableModule                       
00007735  _register_unlock                           
0000773b  _register_lock                             
00007743  _nop                                       
00007749  copysign                                   
00007749  copysignl                                  
0000775d  strcpy                                     
00007771  strlen                                     
00007785  Interrupt_disableMaster                    
00007795  Interrupt_enableMaster                     
000077a5  SysCtl_disableNMISource                    
000077b5  SysCtl_enableNMISource                     
000077c5  Timer_A_clearTimer                         
000077d5  Timer_A_disableInterrupt                   
000077e5  Timer_A_enableInterrupt                    
000077f5  __TI_decompress_none                       
00007803  CPU_cpsid                                  
0000780f  CPU_cpsie                                  
0000781b  EUSCI_A_SPI_enable                         
00007827  EUSCI_B_SPI_enable                         
00007835  SysCtl_getNMISourceStatus                  
00007841  SysTick_setPeriod                          
0000784d  UART_enableModule                          
00007865  CS_startHFXT                               
0000786b  __TI_decompress_rle24                      
00007871  _system_pre_init                           
00007d73  httpStript2                                
000080e4  httpStript1                                
000083ee  _ctypes_                                   
00008688  uartConfig                                 
000086ac  LIGHTspiConfig                             
000086d8  continuousModeConfig                       
000086e8  continuousModeConfigB                      
0000886c  __TI_Handler_Table_Base                    
00008874  __TI_CINIT_Base                            
00008874  __TI_Handler_Table_Limit                   
00008884  __TI_CINIT_Limit                           
20000000  ESPbuffer                                  
20002710  DataOUT                                    
20002ee0  Weather                                    
20002fd0  strToFind                                  
20003098  CurrentWeather                             
200030c4  spaces                                     
200030ec  TimeDate                                   
20003108  leds                                       
20003124  newTime                                    
2000314c  ACLKfreq                                   
20003150  BallBlink                                  
20003154  BallBlinkMASTER                            
20003158  BallColor                                  
2000315c  BallColorMASTER                            
20003160  ColonBlink                                 
20003164  Five_Day                                   
20003168  HTML_LightUpdate                           
2000316c  IPDChannel                                 
20003170  LightTimer                                 
20003174  LightUpdate                                
20003178  MCLKfreq                                   
2000317c  NewData                                    
20003180  One_Day                                    
20003184  RTC_tick                                   
20003188  Refresh                                    
2000318c  SMfreq                                     
20003190  ScrollingTick                              
20003194  TimeOutTripped                             
20003198  Two_Day                                    
2000319c  WeatherUpdate                              
200031a0  bufIDx                                     
200031ac  ms10Timer                                  
200031b0  U0RXData                                   
200031b2  U2RXData                                   
200031b4  ms_timeout                                 
200031b8  weatherString                              
20003249  forecastString                             
200032d8  Prewait                                    
200032dc  CPMwait                                    
200032e0  Postwait                                   
200032e4  IFlags                                     
200032e8  Crystalstable                              
200032ec  StX                                        
200032f0  StY                                        
200032f4  StTextColor                                
200032f6  TextColor                                  
200032f8  BgColor                                    
200032fa  TextSize                                   
20003300  __TI_cleanup_ptr                           
20003304  __TI_dtors_ptr                             
20003308  __TI_enable_exit_profile_output            
20003318  _lock                                      
2000331c  _unlock                                    
20003328  errno                                      
2000332c  main_func_sp                               
2000fe00  __stack                                    
20010000  __STACK_END                                
4000480c  WDTCTL_SYM                                 
ffffffff  __TI_pprof_out_hndl                        
ffffffff  __TI_prof_data_size                        
ffffffff  __TI_prof_data_start                       
ffffffff  __binit__                                  
ffffffff  __c_args__                                 
ffffffff  binit                                      
UNDEFED   SHT$$INIT_ARRAY$$Base                      
UNDEFED   SHT$$INIT_ARRAY$$Limit                     

[247 symbols]
